Component: Arm Compiler for Embedded 6.22 Tool: armlink [5ee90200]

==============================================================================

Section Cross References

    startup_stm32f405xx.o(STACK) refers (Special) to heapauxi.o(.text) for __use_two_region_memory
    startup_stm32f405xx.o(HEAP) refers (Special) to heapauxi.o(.text) for __use_two_region_memory
    startup_stm32f405xx.o(RESET) refers (Special) to heapauxi.o(.text) for __use_two_region_memory
    startup_stm32f405xx.o(RESET) refers to startup_stm32f405xx.o(STACK) for __initial_sp
    startup_stm32f405xx.o(RESET) refers to startup_stm32f405xx.o(.text) for Reset_Handler
    startup_stm32f405xx.o(RESET) refers to stm32f4xx_it.o(.text.NMI_Handler) for NMI_Handler
    startup_stm32f405xx.o(RESET) refers to stm32f4xx_it.o(.text.HardFault_Handler) for HardFault_Handler
    startup_stm32f405xx.o(RESET) refers to stm32f4xx_it.o(.text.MemManage_Handler) for MemManage_Handler
    startup_stm32f405xx.o(RESET) refers to stm32f4xx_it.o(.text.BusFault_Handler) for BusFault_Handler
    startup_stm32f405xx.o(RESET) refers to stm32f4xx_it.o(.text.UsageFault_Handler) for UsageFault_Handler
    startup_stm32f405xx.o(RESET) refers to port.o(.text.SVC_Handler) for SVC_Handler
    startup_stm32f405xx.o(RESET) refers to stm32f4xx_it.o(.text.DebugMon_Handler) for DebugMon_Handler
    startup_stm32f405xx.o(RESET) refers to port.o(.text.PendSV_Handler) for PendSV_Handler
    startup_stm32f405xx.o(RESET) refers to port.o(.text.SysTick_Handler) for SysTick_Handler
    startup_stm32f405xx.o(RESET) refers to stm32f4xx_it.o(.text.TIM1_UP_TIM10_IRQHandler) for TIM1_UP_TIM10_IRQHandler
    startup_stm32f405xx.o(.text) refers (Special) to heapauxi.o(.text) for __use_two_region_memory
    startup_stm32f405xx.o(.text) refers to system_stm32f4xx.o(.text.SystemInit) for SystemInit
    startup_stm32f405xx.o(.text) refers to __main.o(!!!main) for __main
    startup_stm32f405xx.o(.text) refers to startup_stm32f405xx.o(HEAP) for Heap_Mem
    startup_stm32f405xx.o(.text) refers to startup_stm32f405xx.o(STACK) for Stack_Mem
    main.o(.text.led_on) refers to stm32f4xx_hal_gpio.o(.text.HAL_GPIO_WritePin) for HAL_GPIO_WritePin
    main.o(.ARM.exidx.text.led_on) refers to main.o(.text.led_on) for [Anonymous Symbol]
    main.o(.text.led_off) refers to stm32f4xx_hal_gpio.o(.text.HAL_GPIO_WritePin) for HAL_GPIO_WritePin
    main.o(.ARM.exidx.text.led_off) refers to main.o(.text.led_off) for [Anonymous Symbol]
    main.o(.text.main) refers to stm32f4xx_hal.o(.text.HAL_Init) for HAL_Init
    main.o(.text.main) refers to main.o(.text.SystemClock_Config) for SystemClock_Config
    main.o(.text.main) refers to gpio.o(.text.MX_GPIO_Init) for MX_GPIO_Init
    main.o(.text.main) refers to usart.o(.text.MX_USART1_UART_Init) for MX_USART1_UART_Init
    main.o(.text.main) refers to main.o(.bss.StartTask_Handler) for StartTask_Handler
    main.o(.text.main) refers to main.o(.text.start_task) for start_task
    main.o(.text.main) refers to main.o(.rodata.str1.1) for .L.str
    main.o(.text.main) refers to tasks.o(.text.xTaskCreate) for xTaskCreate
    main.o(.text.main) refers to queue.o(.text.xQueueGenericCreate) for xQueueGenericCreate
    main.o(.text.main) refers to main.o(.bss.Test_Queue) for Test_Queue
    main.o(.text.main) refers to freertos.o(.text.MX_FREERTOS_Init) for MX_FREERTOS_Init
    main.o(.text.main) refers to cmsis_os.o(.text.osKernelStart) for osKernelStart
    main.o(.ARM.exidx.text.main) refers to main.o(.text.main) for [Anonymous Symbol]
    main.o(.text.SystemClock_Config) refers to rt_memclr_w.o(.text) for __aeabi_memclr4
    main.o(.text.SystemClock_Config) refers to stm32f4xx_hal_rcc.o(.text.HAL_RCC_OscConfig) for HAL_RCC_OscConfig
    main.o(.text.SystemClock_Config) refers to main.o(.text.Error_Handler) for Error_Handler
    main.o(.text.SystemClock_Config) refers to stm32f4xx_hal_rcc.o(.text.HAL_RCC_ClockConfig) for HAL_RCC_ClockConfig
    main.o(.ARM.exidx.text.SystemClock_Config) refers to main.o(.text.SystemClock_Config) for [Anonymous Symbol]
    main.o(.text.start_task) refers to main.o(.bss.LED0Task_Handler) for LED0Task_Handler
    main.o(.text.start_task) refers to main.o(.text.led0_task) for led0_task
    main.o(.text.start_task) refers to main.o(.rodata.str1.1) for .L.str.1
    main.o(.text.start_task) refers to tasks.o(.text.xTaskCreate) for xTaskCreate
    main.o(.text.start_task) refers to main.o(.bss.KEY0Task_Handler) for KEY0Task_Handler
    main.o(.text.start_task) refers to main.o(.text.key0_task) for key0_task
    main.o(.text.start_task) refers to main.o(.bss.StartTask_Handler) for StartTask_Handler
    main.o(.text.start_task) refers to tasks.o(.text.vTaskDelete) for vTaskDelete
    main.o(.ARM.exidx.text.start_task) refers to main.o(.text.start_task) for [Anonymous Symbol]
    main.o(.ARM.exidx.text.Error_Handler) refers to main.o(.text.Error_Handler) for [Anonymous Symbol]
    main.o(.text.led0_task) refers to main.o(.text.led_on) for led_on
[...]
    _printf_lli                              0x08000275   Thumb Code     0  _printf_lli.o(.ARM.Collect$$_printf_percent$$0000000D)
    _printf_lld                              0x0800027b   Thumb Code     0  _printf_lld.o(.ARM.Collect$$_printf_percent$$0000000E)
    _printf_llu                              0x08000281   Thumb Code     0  _printf_llu.o(.ARM.Collect$$_printf_percent$$0000000F)
    _printf_llo                              0x08000287   Thumb Code     0  _printf_llo.o(.ARM.Collect$$_printf_percent$$00000010)
    _printf_llx                              0x0800028d   Thumb Code     0  _printf_llx.o(.ARM.Collect$$_printf_percent$$00000011)
    _printf_l                                0x08000293   Thumb Code     0  _printf_l.o(.ARM.Collect$$_printf_percent$$00000012)
    _printf_c                                0x0800029d   Thumb Code     0  _printf_c.o(.ARM.Collect$$_printf_percent$$00000013)
    _printf_s                                0x080002a3   Thumb Code     0  _printf_s.o(.ARM.Collect$$_printf_percent$$00000014)
    _printf_lc                               0x080002a9   Thumb Code     0  _printf_lc.o(.ARM.Collect$$_printf_percent$$00000015)
    _printf_ls                               0x080002af   Thumb Code     0  _printf_ls.o(.ARM.Collect$$_printf_percent$$00000016)
    _printf_percent_end                      0x080002b5   Thumb Code     0  _printf_percent_end.o(.ARM.Collect$$_printf_percent$$00000017)
    __rt_lib_init                            0x080002b9   Thumb Code     0  libinit.o(.ARM.Collect$$libinit$$00000000)
    __rt_lib_init_fp_1                       0x080002bb   Thumb Code     0  libinit2.o(.ARM.Collect$$libinit$$00000001)
    __rt_lib_init_heap_2                     0x080002bf   Thumb Code     0  libinit2.o(.ARM.Collect$$libinit$$00000007)
    __rt_lib_init_preinit_1                  0x080002bf   Thumb Code     0  libinit2.o(.ARM.Collect$$libinit$$00000006)
    __rt_lib_init_relocate_pie_1             0x080002bf   Thumb Code     0  libinit2.o(.ARM.Collect$$libinit$$00000004)
    __rt_lib_init_heap_1                     0x080002c7   Thumb Code     0  libinit2.o(.ARM.Collect$$libinit$$0000000C)
    __rt_lib_init_lc_common                  0x080002c7   Thumb Code     0  libinit2.o(.ARM.Collect$$libinit$$00000011)
    __rt_lib_init_rand_1                     0x080002c7   Thumb Code     0  libinit2.o(.ARM.Collect$$libinit$$00000010)
    __rt_lib_init_user_alloc_1               0x080002c7   Thumb Code     0  libinit2.o(.ARM.Collect$$libinit$$0000000E)
    __rt_lib_init_lc_collate_1               0x080002cd   Thumb Code     0  libinit2.o(.ARM.Collect$$libinit$$00000013)
    __rt_lib_init_lc_ctype_2                 0x080002cd   Thumb Code     0  libinit2.o(.ARM.Collect$$libinit$$00000014)
    __rt_lib_init_lc_ctype_1                 0x080002d9   Thumb Code     0  libinit2.o(.ARM.Collect$$libinit$$00000015)
    __rt_lib_init_lc_monetary_1              0x080002d9   Thumb Code     0  libinit2.o(.ARM.Collect$$libinit$$00000017)
    __rt_lib_init_lc_numeric_2               0x080002d9   Thumb Code     0  libinit2.o(.ARM.Collect$$libinit$$00000018)
    __rt_lib_init_atexit_1                   0x080002e3   Thumb Code     0  libinit2.o(.ARM.Collect$$libinit$$0000001D)
    __rt_lib_init_clock_1                    0x080002e3   Thumb Code     0  libinit2.o(.ARM.Collect$$libinit$$00000023)
    __rt_lib_init_fp_trap_1                  0x080002e3   Thumb Code     0  libinit2.o(.ARM.Collect$$libinit$$00000021)
    __rt_lib_init_getenv_1                   0x080002e3   Thumb Code     0  libinit2.o(.ARM.Collect$$libinit$$00000025)
    __rt_lib_init_lc_numeric_1               0x080002e3   Thumb Code     0  libinit2.o(.ARM.Collect$$libinit$$00000019)
    __rt_lib_init_lc_time_1                  0x080002e3   Thumb Code     0  libinit2.o(.ARM.Collect$$libinit$$0000001B)
    __rt_lib_init_signal_1                   0x080002e3   Thumb Code     0  libinit2.o(.ARM.Collect$$libinit$$0000001F)
    __rt_lib_init_stdio_2                    0x080002e3   Thumb Code     0  libinit2.o(.ARM.Collect$$libinit$$00000026)
    __rt_lib_init_alloca_1                   0x080002e7   Thumb Code     0  libinit2.o(.ARM.Collect$$libinit$$00000030)
    __rt_lib_init_argv_1                     0x080002e7   Thumb Code     0  libinit2.o(.ARM.Collect$$libinit$$0000002E)
    __rt_lib_init_cpp_1                      0x080002e7   Thumb Code     0  libinit2.o(.ARM.Collect$$libinit$$00000034)
    __rt_lib_init_exceptions_1               0x080002e7   Thumb Code     0  libinit2.o(.ARM.Collect$$libinit$$00000032)
    __rt_lib_init_return                     0x080002e7   Thumb Code     0  libinit2.o(.ARM.Collect$$libinit$$00000035)
    __rt_lib_init_stdio_1                    0x080002e7   Thumb Code     0  libinit2.o(.ARM.Collect$$libinit$$00000027)
    __rt_lib_shutdown                        0x080002e9   Thumb Code     0  libshutdown.o(.ARM.Collect$$libshutdown$$00000000)
    __rt_lib_shutdown_cpp_1                  0x080002eb   Thumb Code     0  libshutdown2.o(.ARM.Collect$$libshutdown$$00000002)
    __rt_lib_shutdown_stdio_2                0x080002eb   Thumb Code     0  libshutdown2.o(.ARM.Collect$$libshutdown$$00000003)
    __rt_lib_shutdown_fp_trap_1              0x080002ef   Thumb Code     0  libshutdown2.o(.ARM.Collect$$libshutdown$$00000007)
    __rt_lib_shutdown_heap_1                 0x080002ef   Thumb Code     0  libshutdown2.o(.ARM.Collect$$libshutdown$$0000000F)
    __rt_lib_shutdown_return                 0x080002ef   Thumb Code     0  libshutdown2.o(.ARM.Collect$$libshutdown$$00000010)
    __rt_lib_shutdown_signal_1               0x080002ef   Thumb Code     0  libshutdown2.o(.ARM.Collect$$libshutdown$$0000000A)
    __rt_lib_shutdown_stdio_1                0x080002ef   Thumb Code     0  libshutdown2.o(.ARM.Collect$$libshutdown$$00000004)
    __rt_lib_shutdown_user_alloc_1           0x080002ef   Thumb Code     0  libshutdown2.o(.ARM.Collect$$libshutdown$$0000000C)
    __rt_entry                               0x080002f1   Thumb Code     0  __rtentry.o(.ARM.Collect$$rtentry$$00000000)
    __rt_entry_presh_1                       0x080002f1   Thumb Code     0  __rtentry2.o(.ARM.Collect$$rtentry$$00000002)
    __rt_entry_sh                            0x080002f1   Thumb Code     0  __rtentry4.o(.ARM.Collect$$rtentry$$00000004)
    __rt_entry_li                            0x080002f7   Thumb Code     0  __rtentry2.o(.ARM.Collect$$rtentry$$0000000A)
    __rt_entry_postsh_1                      0x080002f7   Thumb Code     0  __rtentry2.o(.ARM.Collect$$rtentry$$00000009)
    __rt_entry_main                          0x080002fb   Thumb Code     0  __rtentry2.o(.ARM.Collect$$rtentry$$0000000D)
    __rt_entry_postli_1                      0x080002fb   Thumb Code     0  __rtentry2.o(.ARM.Collect$$rtentry$$0000000C)
    __rt_exit                                0x08000303   Thumb Code     0  rtexit.o(.ARM.Collect$$rtexit$$00000000)
    __rt_exit_ls                             0x08000305   Thumb Code     0  rtexit2.o(.ARM.Collect$$rtexit$$00000003)
    __rt_exit_prels_1                        0x08000305   Thumb Code     0  rtexit2.o(.ARM.Collect$$rtexit$$00000002)
    __rt_exit_exit                           0x08000309   Thumb Code     0  rtexit2.o(.ARM.Collect$$rtexit$$00000004)
    Reset_Handler                            0x08000311   Thumb Code     8  startup_stm32f405xx.o(.text)
    ADC_IRQHandler                           0x0800032b   Thumb Code     0  startup_stm32f405xx.o(.text)
    CAN1_RX0_IRQHandler                      0x0800032b   Thumb Code     0  startup_stm32f405xx.o(.text)
    CAN1_RX1_IRQHandler                      0x0800032b   Thumb Code     0  startup_stm32f405xx.o(.text)
    CAN1_SCE_IRQHandler                      0x0800032b   Thumb Code     0  startup_stm32f405xx.o(.text)
    CAN1_TX_IRQHandler                       0x0800032b   Thumb Code     0  startup_stm32f405xx.o(.text)
    CAN2_RX0_IRQHandler                      0x0800032b   Thumb Code     0  startup_stm32f405xx.o(.text)
    CAN2_RX1_IRQHandler                      0x0800032b   Thumb Code     0  startup_stm32f405xx.o(.text)
    CAN2_SCE_IRQHandler                      0x0800032b   Thumb Code     0  startup_stm32f405xx.o(.text)
    CAN2_TX_IRQHandler                       0x0800032b   Thumb Code     0  startup_stm32f405xx.o(.text)
    DMA1_Stream0_IRQHandler                  0x0800032b   Thumb Code     0  startup_stm32f405xx.o(.text)
    DMA1_Stream1_IRQHandler                  0x0800032b   Thumb Code     0  startup_stm32f405xx.o(.text)
    DMA1_Stream2_IRQHandler                  0x0800032b   Thumb Code     0  startup_stm32f405xx.o(.text)
    DMA1_Stream3_IRQHandler                  0x0800032b   Thumb Code     0  startup_stm32f405xx.o(.text)
    DMA1_Stream4_IRQHandler                  0x0800032b   Thumb Code     0  startup_stm32f405xx.o(.text)
    DMA1_Stream5_IRQHandler                  0x0800032b   Thumb Code     0  startup_stm32f405xx.o(.text)
    DMA1_Stream6_IRQHandler                  0x0800032b   Thumb Code     0  startup_stm32f405xx.o(.text)
    DMA1_Stream7_IRQHandler                  0x0800032b   Thumb Code     0  startup_stm32f405xx.o(.text)
    DMA2_Stream0_IRQHandler                  0x0800032b   Thumb Code     0  startup_stm32f405xx.o(.text)
    DMA2_Stream1_IRQHandler                  0x0800032b   Thumb Code     0  startup_stm32f405xx.o(.text)
    DMA2_Stream2_IRQHandler                  0x0800032b   Thumb Code     0  startup_stm32f405xx.o(.text)
    DMA2_Stream3_IRQHandler                  0x0800032b   Thumb Code     0  startup_stm32f405xx.o(.text)
    DMA2_Stream4_IRQHandler                  0x0800032b   Thumb Code     0  startup_stm32f405xx.o(.text)
    DMA2_Stream5_IRQHandler                  0x0800032b   Thumb Code     0  startup_stm32f405xx.o(.text)
    DMA2_Stream6_IRQHandler                  0x0800032b   Thumb Code     0  startup_stm32f405xx.o(.text)
    DMA2_Stream7_IRQHandler                  0x0800032b   Thumb Code     0  startup_stm32f405xx.o(.text)
    EXTI0_IRQHandler                         0x0800032b   Thumb Code     0  startup_stm32f405xx.o(.text)
    EXTI15_10_IRQHandler                     0x0800032b   Thumb Code     0  startup_stm32f405xx.o(.text)
    EXTI1_IRQHandler                         0x0800032b   Thumb Code     0  startup_stm32f405xx.o(.text)
    EXTI2_IRQHandler                         0x0800032b   Thumb Code     0  startup_stm32f405xx.o(.text)
    EXTI3_IRQHandler                         0x0800032b   Thumb Code     0  startup_stm32f405xx.o(.text)
    EXTI4_IRQHandler                         0x0800032b   Thumb Code     0  startup_stm32f405xx.o(.text)
    EXTI9_5_IRQHandler                       0x0800032b   Thumb Code     0  startup_stm32f405xx.o(.text)
    FLASH_IRQHandler                         0x0800032b   Thumb Code     0  startup_stm32f405xx.o(.text)
    FMC_IRQHandler                           0x0800032b   Thumb Code     0  startup_stm32f405xx.o(.text)
    FPU_IRQHandler                           0x0800032b   Thumb Code     0  startup_stm32f405xx.o(.text)
    HASH_RNG_IRQHandler                      0x0800032b   Thumb Code     0  startup_stm32f405xx.o(.text)
    I2C1_ER_IRQHandler                       0x0800032b   Thumb Code     0  startup_stm32f405xx.o(.text)
    I2C1_EV_IRQHandler                       0x0800032b   Thumb Code     0  startup_stm32f405xx.o(.text)
    I2C2_ER_IRQHandler                       0x0800032b   Thumb Code     0  startup_stm32f405xx.o(.text)
    I2C2_EV_IRQHandler                       0x0800032b   Thumb Code     0  startup_stm32f405xx.o(.text)
    I2C3_ER_IRQHandler                       0x0800032b   Thumb Code     0  startup_stm32f405xx.o(.text)
    I2C3_EV_IRQHandler                       0x0800032b   Thumb Code     0  startup_stm32f405xx.o(.text)
    OTG_FS_IRQHandler                        0x0800032b   Thumb Code     0  startup_stm32f405xx.o(.text)
    OTG_FS_WKUP_IRQHandler                   0x0800032b   Thumb Code     0  startup_stm32f405xx.o(.text)
    OTG_HS_EP1_IN_IRQHandler                 0x0800032b   Thumb Code     0  startup_stm32f405xx.o(.text)
    OTG_HS_EP1_OUT_IRQHandler                0x0800032b   Thumb Code     0  startup_stm32f405xx.o(.text)
    OTG_HS_IRQHandler                        0x0800032b   Thumb Code     0  startup_stm32f405xx.o(.text)
    OTG_HS_WKUP_IRQHandler                   0x0800032b   Thumb Code     0  startup_stm32f405xx.o(.text)
    PVD_IRQHandler                           0x0800032b   Thumb Code     0  startup_stm32f405xx.o(.text)
    RCC_IRQHandler                           0x0800032b   Thumb Code     0  startup_stm32f405xx.o(.text)
    RTC_Alarm_IRQHandler                     0x0800032b   Thumb Code     0  startup_stm32f405xx.o(.text)
    RTC_WKUP_IRQHandler                      0x0800032b   Thumb Code     0  startup_stm32f405xx.o(.text)
    SDIO_IRQHandler                          0x0800032b   Thumb Code     0  startup_stm32f405xx.o(.text)
    SPI1_IRQHandler                          0x0800032b   Thumb Code     0  startup_stm32f405xx.o(.text)
    SPI2_IRQHandler                          0x0800032b   Thumb Code     0  startup_stm32f405xx.o(.text)
    SPI3_IRQHandler                          0x0800032b   Thumb Code     0  startup_stm32f405xx.o(.text)
    TAMP_STAMP_IRQHandler                    0x0800032b   Thumb Code     0  startup_stm32f405xx.o(.text)
    TIM1_BRK_TIM9_IRQHandler                 0x0800032b   Thumb Code     0  startup_stm32f405xx.o(.text)
    TIM1_CC_IRQHandler                       0x0800032b   Thumb Code     0  startup_stm32f405xx.o(.text)
    TIM1_TRG_COM_TIM11_IRQHandler            0x0800032b   Thumb Code     0  startup_stm32f405xx.o(.text)
    TIM2_IRQHandler                          0x0800032b   Thumb Code     0  startup_stm32f405xx.o(.text)
    TIM3_IRQHandler                          0x0800032b   Thumb Code     0  startup_stm32f405xx.o(.text)
    TIM4_IRQHandler                          0x0800032b   Thumb Code     0  startup_stm32f405xx.o(.text)
    TIM5_IRQHandler                          0x0800032b   Thumb Code     0  startup_stm32f405xx.o(.text)
    TIM6_DAC_IRQHandler                      0x0800032b   Thumb Code     0  startup_stm32f405xx.o(.text)
    TIM7_IRQHandler                          0x0800032b   Thumb Code     0  startup_stm32f405xx.o(.text)
    TIM8_BRK_TIM12_IRQHandler                0x0800032b   Thumb Code     0  startup_stm32f405xx.o(.text)
    TIM8_CC_IRQHandler                       0x0800032b   Thumb Code     0  startup_stm32f405xx.o(.text)
    TIM8_TRG_COM_TIM14_IRQHandler            0x0800032b   Thumb Code     0  startup_stm32f405xx.o(.text)
    TIM8_UP_TIM13_IRQHandler                 0x0800032b   Thumb Code     0  startup_stm32f405xx.o(.text)
    UART4_IRQHandler                         0x0800032b   Thumb Code     0  startup_stm32f405xx.o(.text)
    UART5_IRQHandler                         0x0800032b   Thumb Code     0  startup_stm32f405xx.o(.text)
    USART1_IRQHandler                        0x0800032b   Thumb Code     0  startup_stm32f405xx.o(.text)
    USART2_IRQHandler                        0x0800032b   Thumb Code     0  startup_stm32f405xx.o(.text)
    USART3_IRQHandler                        0x0800032b   Thumb Code     0  startup_stm32f405xx.o(.text)
    USART6_IRQHandler                        0x0800032b   Thumb Code     0  startup_stm32f405xx.o(.text)
    WWDG_IRQHandler                          0x0800032b   Thumb Code     0  startup_stm32f405xx.o(.text)
    __user_initial_stackheap                 0x0800032d   Thumb Code     0  startup_stm32f405xx.o(.text)
    __aeabi_uldivmod                         0x08000351   Thumb Code     0  lludivv7m.o(.text)
    _ll_udiv                                 0x08000351   Thumb Code   240  lludivv7m.o(.text)
    printf                                   0x08000441   Thumb Code    20  printf.o(.text)
    __aeabi_memclr4                          0x08000459   Thumb Code     0  rt_memclr_w.o(.text)
    __aeabi_memclr8                          0x08000459   Thumb Code     0  rt_memclr_w.o(.text)
    __rt_memclr_w                            0x08000459   Thumb Code     0  rt_memclr_w.o(.text)
    _memset_w                                0x0800045d   Thumb Code    74  rt_memclr_w.o(.text)
    __use_two_region_memory                  0x080004a7   Thumb Code     2  heapauxi.o(.text)
    __rt_heap_escrow                         0x080004a9   Thumb Code     2  heapauxi.o(.text)
    __rt_heap_expand                         0x080004ab   Thumb Code     2  heapauxi.o(.text)
    _printf_pre_padding                      0x080004ad   Thumb Code    44  _printf_pad.o(.text)
    _printf_post_padding                     0x080004d9   Thumb Code    34  _printf_pad.o(.text)
    _printf_truncate_signed                  0x080004fb   Thumb Code    18  _printf_truncate.o(.text)
    _printf_truncate_unsigned                0x0800050d   Thumb Code    18  _printf_truncate.o(.text)
    _printf_str                              0x0800051f   Thumb Code    82  _printf_str.o(.text)
    _printf_int_dec                          0x08000571   Thumb Code   104  _printf_dec.o(.text)
    _printf_charcount                        0x080005e9   Thumb Code    40  _printf_charcount.o(.text)
    _printf_char_file                        0x08000611   Thumb Code    32  _printf_char_file.o(.text)
    _printf_wctomb                           0x08000635   Thumb Code   182  _printf_wctomb.o(.text)
    _printf_longlong_dec                     0x080006f1   Thumb Code   108  _printf_longlong_dec.o(.text)
    _printf_longlong_oct                     0x0800076d   Thumb Code    68  _printf_oct_int_ll.o(.text)
    _printf_int_oct                          0x080007b1   Thumb Code    24  _printf_oct_int_ll.o(.text)
    _printf_ll_oct                           0x080007c9   Thumb Code    12  _printf_oct_int_ll.o(.text)
    _printf_longlong_hex                     0x080007dd   Thumb Code    86  _printf_hex_int_ll_ptr.o(.text)
    _printf_int_hex                          0x08000833   Thumb Code    28  _printf_hex_int_ll_ptr.o(.text)
    _printf_ll_hex                           0x0800084f   Thumb Code    12  _printf_hex_int_ll_ptr.o(.text)
    _printf_hex_ptr                          0x0800085b   Thumb Code    18  _printf_hex_int_ll_ptr.o(.text)
    __printf                                 0x08000871   Thumb Code   388  __printf_flags_ss_wp.o(.text)
    _ll_udiv10                               0x080009f9   Thumb Code   138  lludiv10.o(.text)
    _printf_int_common                       0x08000a83   Thumb Code   178  _printf_intcommon.o(.text)
    _printf_fp_dec_real                      0x08000ce5   Thumb Code   620  _printf_fp_dec.o(.text)
    _printf_fp_hex_real                      0x08000f51   Thumb Code   756  _printf_fp_hex.o(.text)
    _printf_char_common                      0x08001257   Thumb Code    32  _printf_char_common.o(.text)
    _printf_cs_common                        0x0800127d   Thumb Code    20  _printf_char.o(.text)
    _printf_char                             0x08001291   Thumb Code    16  _printf_char.o(.text)
    _printf_string                           0x080012a1   Thumb Code     8  _printf_char.o(.text)
    _printf_lcs_common                       0x080012a9   Thumb Code    20  _printf_wchar.o(.text)
    _printf_wchar                            0x080012bd   Thumb Code    16  _printf_wchar.o(.text)
    _printf_wstring                          0x080012cd   Thumb Code     8  _printf_wchar.o(.text)
    ferror                                   0x080012d5   Thumb Code     8  ferror.o(.text)
    _initio                                  0x080012dd   Thumb Code   210  initio.o(.text)
    _terminateio                             0x080013af   Thumb Code    56  initio.o(.text)
    _c16rtomb                                0x08001415   Thumb Code    72  _c16rtomb.o(.text)
    _wcrtomb                                 0x08001415   Thumb Code     0  _c16rtomb.o(.text)
    __user_setup_stackheap                   0x0800145d   Thumb Code    74  sys_stackheap_outer.o(.text)
    __rt_ctype_table                         0x080014a9   Thumb Code    16  rt_ctype_table.o(.text)
    __rt_locale                              0x080014b9   Thumb Code     8  rt_locale_intlibspace.o(.text)
    free                                     0x080014c1   Thumb Code    78  h1_free.o(.text)
    _printf_fp_infnan                        0x08001511   Thumb Code   112  _printf_fp_infnan.o(.text)
    _btod_etento                             0x08001591   Thumb Code   224  bigflt0.o(.text)
    setvbuf                                  0x08001675   Thumb Code    70  setvbuf.o(.text)
    freopen                                  0x080016bd   Thumb Code   160  fopen.o(.text)
    fopen                                    0x0800175d   Thumb Code    74  fopen.o(.text)
    _fclose_internal                         0x080017ad   Thumb Code    76  fclose.o(.text)
    fclose                                   0x080017ad   Thumb Code     0  fclose.o(.text)
    exit                                     0x080017f9   Thumb Code    18  exit.o(.text)
    __rt_SIGRTRED                            0x0800180b   Thumb Code    14  defsig_rtred_outer.o(.text)
    _sys_open                                0x08001819   Thumb Code    20  sys_io.o(.text)
    _sys_close                               0x0800182d   Thumb Code    12  sys_io.o(.text)
    _sys_write                               0x08001839   Thumb Code    16  sys_io.o(.text)
    _sys_read                                0x08001849   Thumb Code    14  sys_io.o(.text)
    _sys_istty                               0x08001857   Thumb Code    12  sys_io.o(.text)
    _sys_seek                                0x08001863   Thumb Code    14  sys_io.o(.text)
    _sys_ensure                              0x08001871   Thumb Code     2  sys_io.o(.text)
    _sys_flen                                0x08001873   Thumb Code    12  sys_io.o(.text)
    __user_libspace                          0x08001881   Thumb Code     8  libspace.o(.text)
    __user_perproc_libspace                  0x08001881   Thumb Code     0  libspace.o(.text)
    __user_perthread_libspace                0x08001881   Thumb Code     0  libspace.o(.text)
    __rt_heap_descriptor                     0x08001889   Thumb Code     8  rt_heap_descriptor_intlibspace.o(.text)
    __use_no_heap                            0x08001891   Thumb Code     2  hguard.o(.text)
    __heap$guard                             0x08001893   Thumb Code     2  hguard.o(.text)
    _terminate_user_alloc                    0x08001895   Thumb Code     2  init_alloc.o(.text)
    _init_user_alloc                         0x08001897   Thumb Code     2  init_alloc.o(.text)
    __Heap_Full                              0x08001899   Thumb Code    34  init_alloc.o(.text)
    __Heap_Broken                            0x080018bb   Thumb Code     6  init_alloc.o(.text)
    _init_alloc                              0x080018c1   Thumb Code    94  init_alloc.o(.text)
    malloc                                   0x0800191f   Thumb Code    94  h1_alloc.o(.text)
    _fseek                                   0x0800197d   Thumb Code   242  fseek.o(.text)
    fseek                                    0x0800197d   Thumb Code     0  fseek.o(.text)
    _seterr                                  0x08001a75   Thumb Code    20  stdio.o(.text)
    _writebuf                                0x08001a89   Thumb Code   108  stdio.o(.text)
    _fflush                                  0x08001af5   Thumb Code    70  stdio.o(.text)
    _deferredlazyseek                        0x08001b3b   Thumb Code    60  stdio.o(.text)
    __sig_exit                               0x08001b7d   Thumb Code    10  defsig_exit.o(.text)
    __rt_SIGRTRED_inner                      0x08001b89   Thumb Code    14  defsig_rtred_inner.o(.text)
    strcmp                                   0x08001bc1   Thumb Code   124  strcmpv7em.o(.text)
    _sys_exit                                0x08001c3d   Thumb Code     8  sys_exit.o(.text)
    __I$use$semihosting                      0x08001c49   Thumb Code     0  use_no_semi.o(.text)
    __use_no_semihosting_swi                 0x08001c49   Thumb Code     2  use_no_semi.o(.text)
    __Heap_Initialize                        0x08001c4b   Thumb Code     8  h1_init.o(.text)
    __semihosting_library_function           0x08001c4b   Thumb Code     0  indicate_semi.o(.text)
    _maybe_terminate_alloc                   0x08001c4b   Thumb Code     0  maybetermalloc1.o(.text)
    __Heap_DescSize                          0x08001c53   Thumb Code     4  h1_init.o(.text)
    __Heap_ProvideMemory                     0x08001c57   Thumb Code    52  h1_extend.o(.text)
    _ftell_internal                          0x08001c8b   Thumb Code    66  ftell.o(.text)
    ftell                                    0x08001c8b   Thumb Code     0  ftell.o(.text)
    __default_signal_display                 0x08001ccd   Thumb Code    50  defsig_general.o(.text)
    __rt_SIGRTMEM                            0x08001cff   Thumb Code    14  defsig_rtmem_outer.o(.text)
    strlen                                   0x08001d0d   Thumb Code    62  strlen.o(.text)
    _ttywrch                                 0x08001d4b   Thumb Code    14  sys_wrch.o(.text)
    __aeabi_errno_addr                       0x08001d59   Thumb Code     8  rt_errno_addr_intlibspace.o(.text)
    __errno$intlibspace                      0x08001d59   Thumb Code     0  rt_errno_addr_intlibspace.o(.text)
    __rt_errno_addr$intlibspace              0x08001d59   Thumb Code     0  rt_errno_addr_intlibspace.o(.text)
    __rt_SIGRTMEM_inner                      0x08001d61   Thumb Code    22  defsig_rtmem_inner.o(.text)
    BusFault_Handler                         0x08001db1   Thumb Code     4  stm32f4xx_it.o(.text.BusFault_Handler)
    DebugMon_Handler                         0x08001db5   Thumb Code     2  stm32f4xx_it.o(.text.DebugMon_Handler)
    Error_Handler                            0x08001db9   Thumb Code     6  main.o(.text.Error_Handler)
    HAL_GPIO_Init                            0x08001dc1   Thumb Code   950  stm32f4xx_hal_gpio.o(.text.HAL_GPIO_Init)
    HAL_GPIO_ReadPin                         0x08002179   Thumb Code    46  stm32f4xx_hal_gpio.o(.text.HAL_GPIO_ReadPin)
    HAL_GPIO_WritePin                        0x080021a9   Thumb Code    46  stm32f4xx_hal_gpio.o(.text.HAL_GPIO_WritePin)
    HAL_GetTick                              0x080021d9   Thumb Code    12  stm32f4xx_hal.o(.text.HAL_GetTick)
    HAL_IncTick                              0x080021e5   Thumb Code    26  stm32f4xx_hal.o(.text.HAL_IncTick)
    HAL_Init                                 0x08002201   Thumb Code    54  stm32f4xx_hal.o(.text.HAL_Init)
    HAL_InitTick                             0x08002239   Thumb Code   218  stm32f4xx_hal_timebase_tim.o(.text.HAL_InitTick)
    HAL_MspInit                              0x08002315   Thumb Code    88  stm32f4xx_hal_msp.o(.text.HAL_MspInit)
    HAL_NVIC_EnableIRQ                       0x0800236d   Thumb Code    20  stm32f4xx_hal_cortex.o(.text.HAL_NVIC_EnableIRQ)
    HAL_NVIC_SetPriority                     0x08002381   Thumb Code    50  stm32f4xx_hal_cortex.o(.text.HAL_NVIC_SetPriority)
    HAL_NVIC_SetPriorityGrouping             0x080023b5   Thumb Code    16  stm32f4xx_hal_cortex.o(.text.HAL_NVIC_SetPriorityGrouping)
    HAL_RCC_ClockConfig                      0x080023c5   Thumb Code   610  stm32f4xx_hal_rcc.o(.text.HAL_RCC_ClockConfig)
    HAL_RCC_GetClockConfig                   0x08002629   Thumb Code    84  stm32f4xx_hal_rcc.o(.text.HAL_RCC_GetClockConfig)
    HAL_RCC_GetHCLKFreq                      0x0800267d   Thumb Code    12  stm32f4xx_hal_rcc.o(.text.HAL_RCC_GetHCLKFreq)
    HAL_RCC_GetPCLK1Freq                     0x08002689   Thumb Code    34  stm32f4xx_hal_rcc.o(.text.HAL_RCC_GetPCLK1Freq)
    HAL_RCC_GetPCLK2Freq                     0x080026ad   Thumb Code    34  stm32f4xx_hal_rcc.o(.text.HAL_RCC_GetPCLK2Freq)
    HAL_RCC_GetSysClockFreq                  0x080026d1   Thumb Code   230  stm32f4xx_hal_rcc.o(.text.HAL_RCC_GetSysClockFreq)
    HAL_RCC_OscConfig                        0x080027b9   Thumb Code  1726  stm32f4xx_hal_rcc.o(.text.HAL_RCC_OscConfig)
    HAL_TIMEx_BreakCallback                  0x08002e79   Thumb Code     8  stm32f4xx_hal_tim_ex.o(.text.HAL_TIMEx_BreakCallback)
    HAL_TIMEx_CommutCallback                 0x08002e81   Thumb Code     8  stm32f4xx_hal_tim_ex.o(.text.HAL_TIMEx_CommutCallback)
    HAL_TIM_Base_Init                        0x08002e89   Thumb Code   156  stm32f4xx_hal_tim.o(.text.HAL_TIM_Base_Init)
    HAL_TIM_Base_MspInit                     0x08002f25   Thumb Code     8  stm32f4xx_hal_tim.o(.text.HAL_TIM_Base_MspInit)
    HAL_TIM_Base_Start_IT                    0x08002f2d   Thumb Code   246  stm32f4xx_hal_tim.o(.text.HAL_TIM_Base_Start_IT)
    HAL_TIM_IC_CaptureCallback               0x08003025   Thumb Code     8  stm32f4xx_hal_tim.o(.text.HAL_TIM_IC_CaptureCallback)
    HAL_TIM_IRQHandler                       0x0800302d   Thumb Code   538  stm32f4xx_hal_tim.o(.text.HAL_TIM_IRQHandler)
    HAL_TIM_OC_DelayElapsedCallback          0x08003249   Thumb Code     8  stm32f4xx_hal_tim.o(.text.HAL_TIM_OC_DelayElapsedCallback)
    HAL_TIM_PWM_PulseFinishedCallback        0x08003251   Thumb Code     8  stm32f4xx_hal_tim.o(.text.HAL_TIM_PWM_PulseFinishedCallback)
    HAL_TIM_PeriodElapsedCallback            0x08003259   Thumb Code    32  main.o(.text.HAL_TIM_PeriodElapsedCallback)
    HAL_TIM_TriggerCallback                  0x08003279   Thumb Code     8  stm32f4xx_hal_tim.o(.text.HAL_TIM_TriggerCallback)
    HAL_UART_Init                            0x08003281   Thumb Code   158  stm32f4xx_hal_uart.o(.text.HAL_UART_Init)
    HAL_UART_MspInit                         0x08003321   Thumb Code   144  usart.o(.text.HAL_UART_MspInit)
    HAL_UART_Transmit                        0x080033b1   Thumb Code   304  stm32f4xx_hal_uart.o(.text.HAL_UART_Transmit)
    HardFault_Handler                        0x080034e1   Thumb Code     4  stm32f4xx_it.o(.text.HardFault_Handler)
    MX_FREERTOS_Init                         0x080034e5   Thumb Code    70  freertos.o(.text.MX_FREERTOS_Init)
    MX_GPIO_Init                             0x0800352d   Thumb Code   194  gpio.o(.text.MX_GPIO_Init)
    MX_USART1_UART_Init                      0x080035f1   Thumb Code    64  usart.o(.text.MX_USART1_UART_Init)
    MemManage_Handler                        0x08003631   Thumb Code     4  stm32f4xx_it.o(.text.MemManage_Handler)
    NMI_Handler                              0x08003635   Thumb Code     4  stm32f4xx_it.o(.text.NMI_Handler)
    PendSV_Handler                           0x080036b1   Thumb Code   100  port.o(.text.PendSV_Handler)
    SVC_Handler                              0x08003721   Thumb Code    36  port.o(.text.SVC_Handler)
    StartDefaultTask                         0x08003745   Thumb Code     8  freertos.o(.text.StartDefaultTask)
    SysTick_Handler                          0x0800374d   Thumb Code    60  port.o(.text.SysTick_Handler)
    SystemClock_Config                       0x08003789   Thumb Code   186  main.o(.text.SystemClock_Config)
    SystemInit                               0x08003845   Thumb Code    18  system_stm32f4xx.o(.text.SystemInit)
    TIM1_UP_TIM10_IRQHandler                 0x08003859   Thumb Code    16  stm32f4xx_it.o(.text.TIM1_UP_TIM10_IRQHandler)
    TIM_Base_SetConfig                       0x08003869   Thumb Code   432  stm32f4xx_hal_tim.o(.text.TIM_Base_SetConfig)
    UsageFault_Handler                       0x08003cc5   Thumb Code     4  stm32f4xx_it.o(.text.UsageFault_Handler)
    fputc                                    0x08003d89   Thumb Code    34  usart.o(.text.fputc)
    key0_task                                0x08003dad   Thumb Code   116  main.o(.text.key0_task)
    led0_task                                0x08003e21   Thumb Code    58  main.o(.text.led0_task)
    led_off                                  0x08003e5d   Thumb Code    20  main.o(.text.led_off)
    led_on                                   0x08003e71   Thumb Code    20  main.o(.text.led_on)
    main                                     0x08003e85   Thumb Code   104  main.o(.text.main)
    osKernelStart                            0x08003f15   Thumb Code    10  cmsis_os.o(.text.osKernelStart)
    osThreadCreate                           0x08003f21   Thumb Code   172  cmsis_os.o(.text.osThreadCreate)
    pvPortMalloc                             0x08004755   Thumb Code   492  heap_4.o(.text.pvPortMalloc)
    pxPortInitialiseStack                    0x08004941   Thumb Code    94  port.o(.text.pxPortInitialiseStack)
    start_task                               0x080049a1   Thumb Code   114  main.o(.text.start_task)
    uxListRemove                             0x08004a15   Thumb Code    72  list.o(.text.uxListRemove)
    vApplicationGetIdleTaskMemory            0x08004a5d   Thumb Code    42  freertos.o(.text.vApplicationGetIdleTaskMemory)
    vListInitialise                          0x08004a89   Thumb Code    46  list.o(.text.vListInitialise)
    vListInitialiseItem                      0x08004ab9   Thumb Code    14  list.o(.text.vListInitialiseItem)
    vListInsert                              0x08004ac9   Thumb Code   106  list.o(.text.vListInsert)
    vListInsertEnd                           0x08004b35   Thumb Code    58  list.o(.text.vListInsertEnd)
    vPortEnterCritical                       0x08004b85   Thumb Code    86  port.o(.text.vPortEnterCritical)
    vPortExitCritical                        0x08004bdd   Thumb Code    74  port.o(.text.vPortExitCritical)
    vPortFree                                0x08004c29   Thumb Code   206  heap_4.o(.text.vPortFree)
    vPortSetupTimerInterrupt                 0x08004cf9   Thumb Code    68  port.o(.text.vPortSetupTimerInterrupt)
    vTaskDelay                               0x08004d3d   Thumb Code   110  tasks.o(.text.vTaskDelay)
    vTaskDelete                              0x08004dad   Thumb Code   320  tasks.o(.text.vTaskDelete)
    vTaskResume                              0x08004eed   Thumb Code   200  tasks.o(.text.vTaskResume)
    vTaskStartScheduler                      0x08004fb5   Thumb Code   206  tasks.o(.text.vTaskStartScheduler)
    vTaskSuspend                             0x08005085   Thumb Code   346  tasks.o(.text.vTaskSuspend)
    vTaskSuspendAll                          0x080051e1   Thumb Code    16  tasks.o(.text.vTaskSuspendAll)
    vTaskSwitchContext                       0x080051f1   Thumb Code   190  tasks.o(.text.vTaskSwitchContext)
    xPortStartScheduler                      0x080052b1   Thumb Code   342  port.o(.text.xPortStartScheduler)
    xQueueGenericCreate                      0x08005409   Thumb Code   116  queue.o(.text.xQueueGenericCreate)
    xQueueGenericReset                       0x0800547d   Thumb Code   186  queue.o(.text.xQueueGenericReset)
    xTaskCreate                              0x08005539   Thumb Code   158  tasks.o(.text.xTaskCreate)
    xTaskCreateStatic                        0x080055d9   Thumb Code   206  tasks.o(.text.xTaskCreateStatic)
    xTaskIncrementTick                       0x080056a9   Thumb Code   440  tasks.o(.text.xTaskIncrementTick)
    xTaskRemoveFromEventList                 0x08005861   Thumb Code   194  tasks.o(.text.xTaskRemoveFromEventList)
    xTaskResumeAll                           0x08005925   Thumb Code   376  tasks.o(.text.xTaskResumeAll)
    _btod_d2e                                0x08005a9d   Thumb Code    62  btod.o(CL$$btod_d2e)
    _d2e_denorm_low                          0x08005adb   Thumb Code    70  btod.o(CL$$btod_d2e_denorm_low)
    _d2e_norm_op1                            0x08005b21   Thumb Code    96  btod.o(CL$$btod_d2e_norm_op1)
    __btod_div_common                        0x08005b81   Thumb Code   696  btod.o(CL$$btod_div_common)
    _e2e                                     0x08005eb9   Thumb Code   220  btod.o(CL$$btod_e2e)
    _btod_ediv                               0x08005f95   Thumb Code    42  btod.o(CL$$btod_ediv)
    _btod_emul                               0x08005fbf   Thumb Code    42  btod.o(CL$$btod_emul)
    __btod_mult_common                       0x08005fe9   Thumb Code   580  btod.o(CL$$btod_mult_common)
    __ARM_fpclassify                         0x0800622d   Thumb Code    48  fpclassify.o(i.__ARM_fpclassify)
    _is_digit                                0x0800625d   Thumb Code    14  __printf_wp.o(i._is_digit)
    _get_lc_numeric                          0x0800626d   Thumb Code    44  lc_numeric_c.o(locale$$code)
    _get_lc_ctype                            0x08006299   Thumb Code    44  lc_ctype_c.o(locale$$code)
    _fp_init                                 0x080062c5   Thumb Code    26  fpinit.o(x$fpl$fpinit)
    __fplib_config_fpu_vfp                   0x080062dd   Thumb Code     0  fpinit.o(x$fpl$fpinit)
    __fplib_config_pureend_doubles           0x080062dd   Thumb Code     0  fpinit.o(x$fpl$fpinit)
    _printf_fp_dec                           0x080062df   Thumb Code     4  printf1.o(x$fpl$printf1)
    _printf_fp_hex                           0x080062e3   Thumb Code     4  printf2.o(x$fpl$printf2)
    __I$use$fp                               0x080062e6   Number         0  usenofp.o(x$fpl$usenofp)
    __stdin_name                             0x0800634f   Data           4  sys_io_names.o(.constdata)
    __stdout_name                            0x08006353   Data           4  sys_io_names.o(.constdata)
    __stderr_name                            0x08006357   Data           4  sys_io_names.o(.constdata)
    AHBPrescTable                            0x0800640c   Data          16  system_stm32f4xx.o(.rodata.AHBPrescTable)
    APBPrescTable                            0x0800641c   Data           8  system_stm32f4xx.o(.rodata.APBPrescTable)
    Region$$Table$$Base                      0x08006494   Number         0  anon$$obj.o(Region$$Table)
    Region$$Table$$Limit                     0x080064b4   Number         0  anon$$obj.o(Region$$Table)
    __ctype                                  0x080064dd   Data           0  lc_ctype_c.o(locale$$data)
    __aeabi_stdin                            0x20000000   Data           4  stdio_streams.o(.data)
    __aeabi_stdout                           0x20000004   Data           4  stdio_streams.o(.data)
    __aeabi_stderr                           0x20000008   Data           4  stdio_streams.o(.data)
    SystemCoreClock                          0x2000000c   Data           4  system_stm32f4xx.o(.data.SystemCoreClock)
    uwTickFreq                               0x20000010   Data           1  stm32f4xx_hal.o(.data.uwTickFreq)
    uwTickPrio                               0x20000014   Data           4  stm32f4xx_hal.o(.data.uwTickPrio)
    __stdin                                  0x20000020   Data          84  stdio_streams.o(.bss)
    __stdout                                 0x20000074   Data          84  stdio_streams.o(.bss)
    __stderr                                 0x200000c8   Data          84  stdio_streams.o(.bss)
    __libspace_start                         0x2000011c   Data          96  libspace.o(.bss)
    KEY0Task_Handler                         0x2000017c   Data           4  main.o(.bss.KEY0Task_Handler)
    __temporary_stack_top$libspace           0x2000017c   Data           0  libspace.o(.bss)
    LED0Task_Handler                         0x20000180   Data           4  main.o(.bss.LED0Task_Handler)
    StartTask_Handler                        0x20000184   Data           4  main.o(.bss.StartTask_Handler)
    Test_Queue                               0x20000188   Data           4  main.o(.bss.Test_Queue)
    defaultTaskHandle                        0x2000018c   Data           4  freertos.o(.bss.defaultTaskHandle)
    htim1                                    0x20000190   Data          72  stm32f4xx_hal_timebase_tim.o(.bss.htim1)
    huart1                                   0x200001d8   Data          72  usart.o(.bss.huart1)
    pxCurrentTCB                             0x20000220   Data           4  tasks.o(.bss.pxCurrentTCB)
    uwTick                                   0x20003ec4   Data           4  stm32f4xx_hal.o(.bss.uwTick)



==============================================================================

Memory Map of the image

  Image Entry point : 0x08000189

  Load Region LR_IROM1 (Base: 0x08000000, Size: 0x00006600, Max: 0x00100000, ABSOLUTE)

    Execution Region ER_IROM1 (Exec base: 0x08000000, Load base: 0x08000000, Size: 0x000065e0, Max: 0x00100000, ABSOLUTE)

    Exec Addr    Load Addr    Size         Type   Attr      Idx    E Section Name        Object

    0x08000000   0x08000000   0x00000188   Data   RO            3    RESET               startup_stm32f405xx.o
    0x08000188   0x08000188   0x00000008   Code   RO         1548  * !!!main             c_w.l(__main.o)
    0x08000190   0x08000190   0x0000005c   Code   RO         2052    !!!scatter          c_w.l(__scatter.o)
    0x080001ec   0x080001ec   0x0000001a   Code   RO         2056    !!handler_copy      c_w.l(__scatter_copy.o)
    0x08000206   0x08000206   0x00000002   PAD
    0x08000208   0x08000208   0x00000002   Code   RO         2053    !!handler_null      c_w.l(__scatter.o)
    0x0800020a   0x0800020a   0x00000002   PAD
    0x0800020c   0x0800020c   0x0000001c   Code   RO         2058    !!handler_zi        c_w.l(__scatter_zi.o)
    0x08000228   0x08000228   0x00000000   Code   RO         1634    .ARM.Collect$$_printf_percent$$00000000  c_w.l(_printf_percent.o)
    0x08000228   0x08000228   0x00000006   Code   RO         1623    .ARM.Collect$$_printf_percent$$00000001  c_w.l(_printf_n.o)
    0x0800022e   0x0800022e   0x00000006   Code   RO         1625    .ARM.Collect$$_printf_percent$$00000002  c_w.l(_printf_p.o)
    0x08000234   0x08000234   0x00000006   Code   RO         1630    .ARM.Collect$$_printf_percent$$00000003  c_w.l(_printf_f.o)
    0x0800023a   0x0800023a   0x00000006   Code   RO         1631    .ARM.Collect$$_printf_percent$$00000004  c_w.l(_printf_e.o)
    0x08000240   0x08000240   0x00000006   Code   RO         1632    .ARM.Collect$$_printf_percent$$00000005  c_w.l(_printf_g.o)
    0x08000246   0x08000246   0x00000006   Code   RO         1633    .ARM.Collect$$_printf_percent$$00000006  c_w.l(_printf_a.o)
    0x0800024c   0x0800024c   0x0000000a   Code   RO         1638    .ARM.Collect$$_printf_percent$$00000007  c_w.l(_printf_ll.o)
    0x08000256   0x08000256   0x00000006   Code   RO         1627    .ARM.Collect$$_printf_percent$$00000008  c_w.l(_printf_i.o)
    0x0800025c   0x0800025c   0x00000006   Code   RO         1628    .ARM.Collect$$_printf_percent$$00000009  c_w.l(_printf_d.o)
    0x08000262   0x08000262   0x00000006   Code   RO         1629    .ARM.Collect$$_printf_percent$$0000000A  c_w.l(_printf_u.o)
    0x08000268   0x08000268   0x00000006   Code   RO         1626    .ARM.Collect$$_printf_percent$$0000000B  c_w.l(_printf_o.o)
    0x0800026e   0x0800026e   0x00000006   Code   RO         1624    .ARM.Collect$$_printf_percent$$0000000C  c_w.l(_printf_x.o)
    0x08000274   0x08000274   0x00000006   Code   RO         1635    .ARM.Collect$$_printf_percent$$0000000D  c_w.l(_printf_lli.o)
    0x0800027a   0x0800027a   0x00000006   Code   RO         1636    .ARM.Collect$$_printf_percent$$0000000E  c_w.l(_printf_lld.o)
    0x08000280   0x08000280   0x00000006   Code   RO         1637    .ARM.Collect$$_printf_percent$$0000000F  c_w.l(_printf_llu.o)
    0x08000286   0x08000286   0x00000006   Code   RO         1642    .ARM.Collect$$_printf_percent$$00000010  c_w.l(_printf_llo.o)
    0x0800028c   0x0800028c   0x00000006   Code   RO         1643    .ARM.Collect$$_printf_percent$$00000011  c_w.l(_printf_llx.o)
    0x08000292   0x08000292   0x0000000a   Code   RO         1639    .ARM.Collect$$_printf_percent$$00000012  c_w.l(_printf_l.o)
    0x0800029c   0x0800029c   0x00000006   Code   RO         1621    .ARM.Collect$$_printf_percent$$00000013  c_w.l(_printf_c.o)
    0x080002a2   0x080002a2   0x00000006   Code   RO         1622    .ARM.Collect$$_printf_percent$$00000014  c_w.l(_printf_s.o)
    0x080002a8   0x080002a8   0x00000006   Code   RO         1640    .ARM.Collect$$_printf_percent$$00000015  c_w.l(_printf_lc.o)
    0x080002ae   0x080002ae   0x00000006   Code   RO         1641    .ARM.Collect$$_printf_percent$$00000016  c_w.l(_printf_ls.o)
    0x080002b4   0x080002b4   0x00000004   Code   RO         1696    .ARM.Collect$$_printf_percent$$00000017  c_w.l(_printf_percent_end.o)
    0x080002b8   0x080002b8   0x00000002   Code   RO         1837    .ARM.Collect$$libinit$$00000000  c_w.l(libinit.o)
    0x080002ba   0x080002ba   0x00000004   Code   RO         1838    .ARM.Collect$$libinit$$00000001  c_w.l(libinit2.o)
    0x080002be   0x080002be   0x00000000   Code   RO         1841    .ARM.Collect$$libinit$$00000004  c_w.l(libinit2.o)
    0x080002be   0x080002be   0x00000000   Code   RO         1843    .ARM.Collect$$libinit$$00000006  c_w.l(libinit2.o)
    0x080002be   0x080002be   0x00000008   Code   RO         1844    .ARM.Collect$$libinit$$00000007  c_w.l(libinit2.o)
    0x080002c6   0x080002c6   0x00000000   Code   RO         1846    .ARM.Collect$$libinit$$0000000C  c_w.l(libinit2.o)
    0x080002c6   0x080002c6   0x00000000   Code   RO         1848    .ARM.Collect$$libinit$$0000000E  c_w.l(libinit2.o)
    0x080002c6   0x080002c6   0x00000000   Code   RO         1850    .ARM.Collect$$libinit$$00000010  c_w.l(libinit2.o)
    0x080002c6   0x080002c6   0x00000006   Code   RO         1851    .ARM.Collect$$libinit$$00000011  c_w.l(libinit2.o)
    0x080002cc   0x080002cc   0x00000000   Code   RO         1853    .ARM.Collect$$libinit$$00000013  c_w.l(libinit2.o)
    0x080002cc   0x080002cc   0x0000000c   Code   RO         1854    .ARM.Collect$$libinit$$00000014  c_w.l(libinit2.o)
    0x080002d8   0x080002d8   0x00000000   Code   RO         1855    .ARM.Collect$$libinit$$00000015  c_w.l(libinit2.o)
    0x080002d8   0x080002d8   0x00000000   Code   RO         1857    .ARM.Collect$$libinit$$00000017  c_w.l(libinit2.o)
    0x080002d8   0x080002d8   0x0000000a   Code   RO         1858    .ARM.Collect$$libinit$$00000018  c_w.l(libinit2.o)
    0x080002e2   0x080002e2   0x00000000   Code   RO         1859    .ARM.Collect$$libinit$$00000019  c_w.l(libinit2.o)
    0x080002e2   0x080002e2   0x00000000   Code   RO         1861    .ARM.Collect$$libinit$$0000001B  c_w.l(libinit2.o)
    0x080002e2   0x080002e2   0x00000000   Code   RO         1863    .ARM.Collect$$libinit$$0000001D  c_w.l(libinit2.o)
    0x080002e2   0x080002e2   0x00000000   Code   RO         1865    .ARM.Collect$$libinit$$0000001F  c_w.l(libinit2.o)
    0x080002e2   0x080002e2   0x00000000   Code   RO         1867    .ARM.Collect$$libinit$$00000021  c_w.l(libinit2.o)
    0x080002e2   0x080002e2   0x00000000   Code   RO         1869    .ARM.Collect$$libinit$$00000023  c_w.l(libinit2.o)
    0x080002e2   0x080002e2   0x00000000   Code   RO         1871    .ARM.Collect$$libinit$$00000025  c_w.l(libinit2.o)
    0x080002e2   0x080002e2   0x00000004   Code   RO         1872    .ARM.Collect$$libinit$$00000026  c_w.l(libinit2.o)
    0x080002e6   0x080002e6   0x00000000   Code   RO         1873    .ARM.Collect$$libinit$$00000027  c_w.l(libinit2.o)
    0x080002e6   0x080002e6   0x00000000   Code   RO         1877    .ARM.Collect$$libinit$$0000002E  c_w.l(libinit2.o)
    0x080002e6   0x080002e6   0x00000000   Code   RO         1879    .ARM.Collect$$libinit$$00000030  c_w.l(libinit2.o)
    0x080002e6   0x080002e6   0x00000000   Code   RO         1881    .ARM.Collect$$libinit$$00000032  c_w.l(libinit2.o)
    0x080002e6   0x080002e6   0x00000000   Code   RO         1883    .ARM.Collect$$libinit$$00000034  c_w.l(libinit2.o)
    0x080002e6   0x080002e6   0x00000002   Code   RO         1884    .ARM.Collect$$libinit$$00000035  c_w.l(libinit2.o)
    0x080002e8   0x080002e8   0x00000002   Code   RO         2033    .ARM.Collect$$libshutdown$$00000000  c_w.l(libshutdown.o)
    0x080002ea   0x080002ea   0x00000000   Code   RO         1886    .ARM.Collect$$libshutdown$$00000002  c_w.l(libshutdown2.o)
    0x080002ea   0x080002ea   0x00000004   Code   RO         1887    .ARM.Collect$$libshutdown$$00000003  c_w.l(libshutdown2.o)
    0x080002ee   0x080002ee   0x00000000   Code   RO         1888    .ARM.Collect$$libshutdown$$00000004  c_w.l(libshutdown2.o)
    0x080002ee   0x080002ee   0x00000000   Code   RO         1891    .ARM.Collect$$libshutdown$$00000007  c_w.l(libshutdown2.o)
    0x080002ee   0x080002ee   0x00000000   Code   RO         1894    .ARM.Collect$$libshutdown$$0000000A  c_w.l(libshutdown2.o)
    0x080002ee   0x080002ee   0x00000000   Code   RO         1896    .ARM.Collect$$libshutdown$$0000000C  c_w.l(libshutdown2.o)
    0x080002ee   0x080002ee   0x00000000   Code   RO         1899    .ARM.Collect$$libshutdown$$0000000F  c_w.l(libshutdown2.o)
    0x080002ee   0x080002ee   0x00000002   Code   RO         1900    .ARM.Collect$$libshutdown$$00000010  c_w.l(libshutdown2.o)
    0x080002f0   0x080002f0   0x00000000   Code   RO         1550    .ARM.Collect$$rtentry$$00000000  c_w.l(__rtentry.o)
    0x080002f0   0x080002f0   0x00000000   Code   RO         1663    .ARM.Collect$$rtentry$$00000002  c_w.l(__rtentry2.o)
    0x080002f0   0x080002f0   0x00000006   Code   RO         1675    .ARM.Collect$$rtentry$$00000004  c_w.l(__rtentry4.o)
    0x080002f6   0x080002f6   0x00000000   Code   RO         1665    .ARM.Collect$$rtentry$$00000009  c_w.l(__rtentry2.o)
    0x080002f6   0x080002f6   0x00000004   Code   RO         1666    .ARM.Collect$$rtentry$$0000000A  c_w.l(__rtentry2.o)
    0x080002fa   0x080002fa   0x00000000   Code   RO         1668    .ARM.Collect$$rtentry$$0000000C  c_w.l(__rtentry2.o)
    0x080002fa   0x080002fa   0x00000008   Code   RO         1669    .ARM.Collect$$rtentry$$0000000D  c_w.l(__rtentry2.o)
    0x08000302   0x08000302   0x00000002   Code   RO         1913    .ARM.Collect$$rtexit$$00000000  c_w.l(rtexit.o)
    0x08000304   0x08000304   0x00000000   Code   RO         1971    .ARM.Collect$$rtexit$$00000002  c_w.l(rtexit2.o)
    0x08000304   0x08000304   0x00000004   Code   RO         1972    .ARM.Collect$$rtexit$$00000003  c_w.l(rtexit2.o)
    0x08000308   0x08000308   0x00000006   Code   RO         1973    .ARM.Collect$$rtexit$$00000004  c_w.l(rtexit2.o)
    0x0800030e   0x0800030e   0x00000002   PAD
    0x08000310   0x08000310   0x00000040   Code   RO            4    .text               startup_stm32f405xx.o
    0x08000350   0x08000350   0x000000f0   Code   RO         1536    .text               c_w.l(lludivv7m.o)
    0x08000440   0x08000440   0x00000018   Code   RO         1538    .text               c_w.l(printf.o)
    0x08000458   0x08000458   0x0000004e   Code   RO         1544    .text               c_w.l(rt_memclr_w.o)
    0x080004a6   0x080004a6   0x00000006   Code   RO         1546    .text               c_w.l(heapauxi.o)
    0x080004ac   0x080004ac   0x0000004e   Code   RO         1557    .text               c_w.l(_printf_pad.o)
    0x080004fa   0x080004fa   0x00000024   Code   RO         1559    .text               c_w.l(_printf_truncate.o)
    0x0800051e   0x0800051e   0x00000052   Code   RO         1561    .text               c_w.l(_printf_str.o)
    0x08000570   0x08000570   0x00000078   Code   RO         1563    .text               c_w.l(_printf_dec.o)
    0x080005e8   0x080005e8   0x00000028   Code   RO         1565    .text               c_w.l(_printf_charcount.o)
    0x08000610   0x08000610   0x00000024   Code   RO         1567    .text               c_w.l(_printf_char_file.o)
    0x08000634   0x08000634   0x000000bc   Code   RO         1569    .text               c_w.l(_printf_wctomb.o)
    0x080006f0   0x080006f0   0x0000007c   Code   RO         1572    .text               c_w.l(_printf_longlong_dec.o)
    0x0800076c   0x0800076c   0x00000070   Code   RO         1578    .text               c_w.l(_printf_oct_int_ll.o)
    0x080007dc   0x080007dc   0x00000094   Code   RO         1598    .text               c_w.l(_printf_hex_int_ll_ptr.o)
    0x08000870   0x08000870   0x00000188   Code   RO         1618    .text               c_w.l(__printf_flags_ss_wp.o)
    0x080009f8   0x080009f8   0x0000008a   Code   RO         1679    .text               c_w.l(lludiv10.o)
    0x08000a82   0x08000a82   0x000000b2   Code   RO         1681    .text               c_w.l(_printf_intcommon.o)
    0x08000b34   0x08000b34   0x0000041c   Code   RO         1683    .text               c_w.l(_printf_fp_dec.o)
    0x08000f50   0x08000f50   0x000002fc   Code   RO         1687    .text               c_w.l(_printf_fp_hex.o)
    0x0800124c   0x0800124c   0x00000030   Code   RO         1690    .text               c_w.l(_printf_char_common.o)
    0x0800127c   0x0800127c   0x0000002c   Code   RO         1692    .text               c_w.l(_printf_char.o)
    0x080012a8   0x080012a8   0x0000002c   Code   RO         1694    .text               c_w.l(_printf_wchar.o)
    0x080012d4   0x080012d4   0x00000008   Code   RO         1697    .text               c_w.l(ferror.o)
    0x080012dc   0x080012dc   0x00000138   Code   RO         1699    .text               c_w.l(initio.o)
    0x08001414   0x08001414   0x00000048   Code   RO         1705    .text               c_w.l(_c16rtomb.o)
    0x0800145c   0x0800145c   0x0000004a   Code   RO         1712    .text               c_w.l(sys_stackheap_outer.o)
    0x080014a6   0x080014a6   0x00000002   PAD
    0x080014a8   0x080014a8   0x00000010   Code   RO         1714    .text               c_w.l(rt_ctype_table.o)
    0x080014b8   0x080014b8   0x00000008   Code   RO         1719    .text               c_w.l(rt_locale_intlibspace.o)
    0x080014c0   0x080014c0   0x0000004e   Code   RO         1723    .text               c_w.l(h1_free.o)
    0x0800150e   0x0800150e   0x00000002   PAD
    0x08001510   0x08001510   0x00000080   Code   RO         1777    .text               c_w.l(_printf_fp_infnan.o)
    0x08001590   0x08001590   0x000000e4   Code   RO         1781    .text               c_w.l(bigflt0.o)
    0x08001674   0x08001674   0x00000046   Code   RO         1808    .text               c_w.l(setvbuf.o)
    0x080016ba   0x080016ba   0x00000002   PAD
    0x080016bc   0x080016bc   0x000000f0   Code   RO         1811    .text               c_w.l(fopen.o)
    0x080017ac   0x080017ac   0x0000004c   Code   RO         1813    .text               c_w.l(fclose.o)
    0x080017f8   0x080017f8   0x00000012   Code   RO         1822    .text               c_w.l(exit.o)
    0x0800180a   0x0800180a   0x0000000e   Code   RO         1828    .text               c_w.l(defsig_rtred_outer.o)
    0x08001818   0x08001818   0x00000066   Code   RO         1906    .text               c_w.l(sys_io.o)
    0x0800187e   0x0800187e   0x00000002   PAD
    0x08001880   0x08001880   0x00000008   Code   RO         1910    .text               c_w.l(libspace.o)
    0x08001888   0x08001888   0x00000008   Code   RO         1920    .text               c_w.l(rt_heap_descriptor_intlibspace.o)
    0x08001890   0x08001890   0x00000004   Code   RO         1922    .text               c_w.l(hguard.o)
    0x08001894   0x08001894   0x0000008a   Code   RO         1924    .text               c_w.l(init_alloc.o)
    0x0800191e   0x0800191e   0x0000005e   Code   RO         1930    .text               c_w.l(h1_alloc.o)
    0x0800197c   0x0800197c   0x000000f8   Code   RO         1944    .text               c_w.l(fseek.o)
    0x08001a74   0x08001a74   0x00000108   Code   RO         1946    .text               c_w.l(stdio.o)
    0x08001b7c   0x08001b7c   0x0000000a   Code   RO         1951    .text               c_w.l(defsig_exit.o)
    0x08001b86   0x08001b86   0x00000002   PAD
    0x08001b88   0x08001b88   0x00000034   Code   RO         1955    .text               c_w.l(defsig_rtred_inner.o)
    0x08001bbc   0x08001bbc   0x00000004   PAD
    0x08001bc0   0x08001bc0   0x0000007c   Code   RO         1957    .text               c_w.l(strcmpv7em.o)
    0x08001c3c   0x08001c3c   0x0000000c   Code   RO         1963    .text               c_w.l(sys_exit.o)
    0x08001c48   0x08001c48   0x00000002   Code   RO         1967    .text               c_w.l(use_no_semi.o)
    0x08001c4a   0x08001c4a   0x00000000   Code   RO         1969    .text               c_w.l(indicate_semi.o)
    0x08001c4a   0x08001c4a   0x00000000   Code   RO         1977    .text               c_w.l(maybetermalloc1.o)
    0x08001c4a   0x08001c4a   0x0000000c   Code   RO         1979    .text               c_w.l(h1_init.o)
    0x08001c56   0x08001c56   0x00000034   Code   RO         1981    .text               c_w.l(h1_extend.o)
    0x08001c8a   0x08001c8a   0x00000042   Code   RO         1989    .text               c_w.l(ftell.o)
    0x08001ccc   0x08001ccc   0x00000032   Code   RO         1993    .text               c_w.l(defsig_general.o)
    0x08001cfe   0x08001cfe   0x0000000e   Code   RO         1995    .text               c_w.l(defsig_rtmem_outer.o)
    0x08001d0c   0x08001d0c   0x0000003e   Code   RO         1999    .text               c_w.l(strlen.o)
    0x08001d4a   0x08001d4a   0x0000000e   Code   RO         2010    .text               c_w.l(sys_wrch.o)
    0x08001d58   0x08001d58   0x00000008   Code   RO         2021    .text               c_w.l(rt_errno_addr_intlibspace.o)
    0x08001d60   0x08001d60   0x00000050   Code   RO         2027    .text               c_w.l(defsig_rtmem_inner.o)
    0x08001db0   0x08001db0   0x00000004   Code   RO           92    .text.BusFault_Handler  stm32f4xx_it.o
    0x08001db4   0x08001db4   0x00000002   Code   RO           96    .text.DebugMon_Handler  stm32f4xx_it.o
    0x08001db6   0x08001db6   0x00000002   PAD
    0x08001db8   0x08001db8   0x00000006   Code   RO           21    .text.Error_Handler  main.o
    0x08001dbe   0x08001dbe   0x00000002   PAD
    0x08001dc0   0x08001dc0   0x000003b6   Code   RO          601    .text.HAL_GPIO_Init  stm32f4xx_hal_gpio.o
    0x08002176   0x08002176   0x00000002   PAD
    0x08002178   0x08002178   0x0000002e   Code   RO          605    .text.HAL_GPIO_ReadPin  stm32f4xx_hal_gpio.o
    0x080021a6   0x080021a6   0x00000002   PAD
    0x080021a8   0x080021a8   0x0000002e   Code   RO          607    .text.HAL_GPIO_WritePin  stm32f4xx_hal_gpio.o
    0x080021d6   0x080021d6   0x00000002   PAD
    0x080021d8   0x080021d8   0x0000000c   Code   RO          826    .text.HAL_GetTick   stm32f4xx_hal.o
    0x080021e4   0x080021e4   0x0000001a   Code   RO          824    .text.HAL_IncTick   stm32f4xx_hal.o
    0x080021fe   0x080021fe   0x00000002   PAD
    0x08002200   0x08002200   0x00000036   Code   RO          814    .text.HAL_Init      stm32f4xx_hal.o
    0x08002236   0x08002236   0x00000002   PAD
    0x08002238   0x08002238   0x000000da   Code   RO          115    .text.HAL_InitTick  stm32f4xx_hal_timebase_tim.o
    0x08002312   0x08002312   0x00000002   PAD
    0x08002314   0x08002314   0x00000058   Code   RO          107    .text.HAL_MspInit   stm32f4xx_hal_msp.o
    0x0800236c   0x0800236c   0x00000014   Code   RO          749    .text.HAL_NVIC_EnableIRQ  stm32f4xx_hal_cortex.o
    0x08002380   0x08002380   0x00000032   Code   RO          741    .text.HAL_NVIC_SetPriority  stm32f4xx_hal_cortex.o
    0x080023b2   0x080023b2   0x00000002   PAD
    0x080023b4   0x080023b4   0x00000010   Code   RO          737    .text.HAL_NVIC_SetPriorityGrouping  stm32f4xx_hal_cortex.o
    0x080023c4   0x080023c4   0x00000262   Code   RO          469    .text.HAL_RCC_ClockConfig  stm32f4xx_hal_rcc.o
    0x08002626   0x08002626   0x00000002   PAD
    0x08002628   0x08002628   0x00000054   Code   RO          487    .text.HAL_RCC_GetClockConfig  stm32f4xx_hal_rcc.o
    0x0800267c   0x0800267c   0x0000000c   Code   RO          479    .text.HAL_RCC_GetHCLKFreq  stm32f4xx_hal_rcc.o
    0x08002688   0x08002688   0x00000022   Code   RO          481    .text.HAL_RCC_GetPCLK1Freq  stm32f4xx_hal_rcc.o
    0x080026aa   0x080026aa   0x00000002   PAD
    0x080026ac   0x080026ac   0x00000022   Code   RO          483    .text.HAL_RCC_GetPCLK2Freq  stm32f4xx_hal_rcc.o
    0x080026ce   0x080026ce   0x00000002   PAD
    0x080026d0   0x080026d0   0x000000e6   Code   RO          471    .text.HAL_RCC_GetSysClockFreq  stm32f4xx_hal_rcc.o
    0x080027b6   0x080027b6   0x00000002   PAD
    0x080027b8   0x080027b8   0x000006be   Code   RO          467    .text.HAL_RCC_OscConfig  stm32f4xx_hal_rcc.o
    0x08002e76   0x08002e76   0x00000002   PAD
    0x08002e78   0x08002e78   0x00000008   Code   RO          452    .text.HAL_TIMEx_BreakCallback  stm32f4xx_hal_tim_ex.o
    0x08002e80   0x08002e80   0x00000008   Code   RO          448    .text.HAL_TIMEx_CommutCallback  stm32f4xx_hal_tim_ex.o
    0x08002e88   0x08002e88   0x0000009c   Code   RO          129    .text.HAL_TIM_Base_Init  stm32f4xx_hal_tim.o
    0x08002f24   0x08002f24   0x00000008   Code   RO          131    .text.HAL_TIM_Base_MspInit  stm32f4xx_hal_tim.o
    0x08002f2c   0x08002f2c   0x000000f6   Code   RO          143    .text.HAL_TIM_Base_Start_IT  stm32f4xx_hal_tim.o
    0x08003022   0x08003022   0x00000002   PAD
    0x08003024   0x08003024   0x00000008   Code   RO          265    .text.HAL_TIM_IC_CaptureCallback  stm32f4xx_hal_tim.o
    0x0800302c   0x0800302c   0x0000021a   Code   RO          263    .text.HAL_TIM_IRQHandler  stm32f4xx_hal_tim.o
    0x08003246   0x08003246   0x00000002   PAD
    0x08003248   0x08003248   0x00000008   Code   RO          267    .text.HAL_TIM_OC_DelayElapsedCallback  stm32f4xx_hal_tim.o
    0x08003250   0x08003250   0x00000008   Code   RO          269    .text.HAL_TIM_PWM_PulseFinishedCallback  stm32f4xx_hal_tim.o
    0x08003258   0x08003258   0x00000020   Code   RO           27    .text.HAL_TIM_PeriodElapsedCallback  main.o
    0x08003278   0x08003278   0x00000008   Code   RO          273    .text.HAL_TIM_TriggerCallback  stm32f4xx_hal_tim.o
    0x08003280   0x08003280   0x0000009e   Code   RO          903    .text.HAL_UART_Init  stm32f4xx_hal_uart.o
    0x0800331e   0x0800331e   0x00000002   PAD
    0x08003320   0x08003320   0x00000090   Code   RO           70    .text.HAL_UART_MspInit  usart.o
    0x080033b0   0x080033b0   0x00000130   Code   RO          919    .text.HAL_UART_Transmit  stm32f4xx_hal_uart.o
    0x080034e0   0x080034e0   0x00000004   Code   RO           88    .text.HardFault_Handler  stm32f4xx_it.o
    0x080034e4   0x080034e4   0x00000046   Code   RO           52    .text.MX_FREERTOS_Init  freertos.o
    0x0800352a   0x0800352a   0x00000002   PAD
    0x0800352c   0x0800352c   0x000000c2   Code   RO           42    .text.MX_GPIO_Init  gpio.o
    0x080035ee   0x080035ee   0x00000002   PAD
    0x080035f0   0x080035f0   0x00000040   Code   RO           68    .text.MX_USART1_UART_Init  usart.o
    0x08003630   0x08003630   0x00000004   Code   RO           90    .text.MemManage_Handler  stm32f4xx_it.o
    0x08003634   0x08003634   0x00000004   Code   RO           86    .text.NMI_Handler   stm32f4xx_it.o
    0x08003638   0x08003638   0x0000006c   Code   RO          747    .text.NVIC_EncodePriority  stm32f4xx_hal_cortex.o
    0x080036a4   0x080036a4   0x0000000c   PAD
    0x080036b0   0x080036b0   0x00000064   Code   RO         1519    .text.PendSV_Handler  port.o
    0x08003714   0x08003714   0x0000000c   PAD
    0x08003720   0x08003720   0x00000024   Code   RO         1503    .text.SVC_Handler   port.o
    0x08003744   0x08003744   0x00000008   Code   RO           54    .text.StartDefaultTask  freertos.o
    0x0800374c   0x0800374c   0x0000003c   Code   RO         1521    .text.SysTick_Handler  port.o
    0x08003788   0x08003788   0x000000ba   Code   RO           17    .text.SystemClock_Config  main.o
    0x08003842   0x08003842   0x00000002   PAD
    0x08003844   0x08003844   0x00000012   Code   RO         1034    .text.SystemInit    system_stm32f4xx.o
    0x08003856   0x08003856   0x00000002   PAD
    0x08003858   0x08003858   0x00000010   Code   RO           98    .text.TIM1_UP_TIM10_IRQHandler  stm32f4xx_it.o
    0x08003868   0x08003868   0x000001b0   Code   RO          133    .text.TIM_Base_SetConfig  stm32f4xx_hal_tim.o
    0x08003a18   0x08003a18   0x00000094   Code   RO          951    .text.UART_EndRxTransfer  stm32f4xx_hal_uart.o
    0x08003aac   0x08003aac   0x0000013a   Code   RO          907    .text.UART_SetConfig  stm32f4xx_hal_uart.o
    0x08003be6   0x08003be6   0x00000002   PAD
    0x08003be8   0x08003be8   0x000000da   Code   RO          921    .text.UART_WaitOnFlagUntilTimeout  stm32f4xx_hal_uart.o
    0x08003cc2   0x08003cc2   0x00000002   PAD
    0x08003cc4   0x08003cc4   0x00000004   Code   RO           94    .text.UsageFault_Handler  stm32f4xx_it.o
    0x08003cc8   0x08003cc8   0x00000030   Code   RO          751    .text.__NVIC_EnableIRQ  stm32f4xx_hal_cortex.o
    0x08003cf8   0x08003cf8   0x00000010   Code   RO          743    .text.__NVIC_GetPriorityGrouping  stm32f4xx_hal_cortex.o
    0x08003d08   0x08003d08   0x00000042   Code   RO          745    .text.__NVIC_SetPriority  stm32f4xx_hal_cortex.o
    0x08003d4a   0x08003d4a   0x00000002   PAD
    0x08003d4c   0x08003d4c   0x0000003c   Code   RO          739    .text.__NVIC_SetPriorityGrouping  stm32f4xx_hal_cortex.o
    0x08003d88   0x08003d88   0x00000022   Code   RO           74    .text.fputc         usart.o
    0x08003daa   0x08003daa   0x00000002   PAD
    0x08003dac   0x08003dac   0x00000074   Code   RO           25    .text.key0_task     main.o
    0x08003e20   0x08003e20   0x0000003a   Code   RO           23    .text.led0_task     main.o
    0x08003e5a   0x08003e5a   0x00000002   PAD
    0x08003e5c   0x08003e5c   0x00000014   Code   RO           13    .text.led_off       main.o
    0x08003e70   0x08003e70   0x00000014   Code   RO           11    .text.led_on        main.o
    0x08003e84   0x08003e84   0x00000068   Code   RO           15    .text.main          main.o
    0x08003eec   0x08003eec   0x00000028   Code   RO         1358    .text.makeFreeRtosPriority  cmsis_os.o
    0x08003f14   0x08003f14   0x0000000a   Code   RO         1348    .text.osKernelStart  cmsis_os.o
    0x08003f1e   0x08003f1e   0x00000002   PAD
    0x08003f20   0x08003f20   0x000000ac   Code   RO         1356    .text.osThreadCreate  cmsis_os.o
    0x08003fcc   0x08003fcc   0x000000f4   Code   RO         1232    .text.prvAddCurrentTaskToDelayedList  tasks.o
    0x080040c0   0x080040c0   0x00000110   Code   RO         1218    .text.prvAddNewTaskToReadyList  tasks.o
    0x080041d0   0x080041d0   0x0000005a   Code   RO         1316    .text.prvCheckTasksWaitingTermination  tasks.o
    0x0800422a   0x0800422a   0x00000002   PAD
    0x0800422c   0x0800422c   0x0000005e   Code   RO         1224    .text.prvDeleteTCB  tasks.o
    0x0800428a   0x0800428a   0x00000002   PAD
    0x0800428c   0x0800428c   0x000000bc   Code   RO         1470    .text.prvHeapInit   heap_4.o
    0x08004348   0x08004348   0x00000038   Code   RO         1254    .text.prvIdleTask   tasks.o
    0x08004380   0x08004380   0x0000003e   Code   RO         1099    .text.prvInitialiseNewQueue  queue.o
    0x080043be   0x080043be   0x00000002   PAD
    0x080043c0   0x080043c0   0x00000114   Code   RO         1216    .text.prvInitialiseNewTask  tasks.o
    0x080044d4   0x080044d4   0x0000008e   Code   RO         1314    .text.prvInitialiseTaskLists  tasks.o
    0x08004562   0x08004562   0x00000002   PAD
    0x08004564   0x08004564   0x000000c6   Code   RO         1472    .text.prvInsertBlockIntoFreeList  heap_4.o
    0x0800462a   0x0800462a   0x00000002   PAD
    0x0800462c   0x0800462c   0x00000028   Code   RO         1511    .text.prvPortStartFirstTask  port.o
    0x08004654   0x08004654   0x00000046   Code   RO         1226    .text.prvResetNextTaskUnblockTime  tasks.o
    0x0800469a   0x0800469a   0x00000002   PAD
    0x0800469c   0x0800469c   0x0000004c   Code   RO         1501    .text.prvTaskExitError  port.o
    0x080046e8   0x080046e8   0x0000006a   Code   RO         1248    .text.prvTaskIsTaskSuspended  tasks.o
    0x08004752   0x08004752   0x00000002   PAD
    0x08004754   0x08004754   0x000001ec   Code   RO         1468    .text.pvPortMalloc  heap_4.o
    0x08004940   0x08004940   0x0000005e   Code   RO         1499    .text.pxPortInitialiseStack  port.o
    0x0800499e   0x0800499e   0x00000002   PAD
    0x080049a0   0x080049a0   0x00000072   Code   RO           19    .text.start_task    main.o
    0x08004a12   0x08004a12   0x00000002   PAD
    0x08004a14   0x08004a14   0x00000048   Code   RO         1086    .text.uxListRemove  list.o
    0x08004a5c   0x08004a5c   0x0000002a   Code   RO           50    .text.vApplicationGetIdleTaskMemory  freertos.o
    0x08004a86   0x08004a86   0x00000002   PAD
    0x08004a88   0x08004a88   0x0000002e   Code   RO         1078    .text.vListInitialise  list.o
    0x08004ab6   0x08004ab6   0x00000002   PAD
    0x08004ab8   0x08004ab8   0x0000000e   Code   RO         1080    .text.vListInitialiseItem  list.o
    0x08004ac6   0x08004ac6   0x00000002   PAD
    0x08004ac8   0x08004ac8   0x0000006a   Code   RO         1084    .text.vListInsert   list.o
    0x08004b32   0x08004b32   0x00000002   PAD
    0x08004b34   0x08004b34   0x0000003a   Code   RO         1082    .text.vListInsertEnd  list.o
    0x08004b6e   0x08004b6e   0x00000002   PAD
    0x08004b70   0x08004b70   0x00000014   Code   RO         1509    .text.vPortEnableVFP  port.o
    0x08004b84   0x08004b84   0x00000056   Code   RO         1515    .text.vPortEnterCritical  port.o
    0x08004bda   0x08004bda   0x00000002   PAD
    0x08004bdc   0x08004bdc   0x0000004a   Code   RO         1517    .text.vPortExitCritical  port.o
    0x08004c26   0x08004c26   0x00000002   PAD
    0x08004c28   0x08004c28   0x000000ce   Code   RO         1474    .text.vPortFree     heap_4.o
    0x08004cf6   0x08004cf6   0x00000002   PAD
    0x08004cf8   0x08004cf8   0x00000044   Code   RO         1507    .text.vPortSetupTimerInterrupt  port.o
    0x08004d3c   0x08004d3c   0x0000006e   Code   RO         1228    .text.vTaskDelay    tasks.o
    0x08004daa   0x08004daa   0x00000002   PAD
    0x08004dac   0x08004dac   0x00000140   Code   RO         1222    .text.vTaskDelete   tasks.o
    0x08004eec   0x08004eec   0x000000c8   Code   RO         1246    .text.vTaskResume   tasks.o
    0x08004fb4   0x08004fb4   0x000000ce   Code   RO         1252    .text.vTaskStartScheduler  tasks.o
    0x08005082   0x08005082   0x00000002   PAD
    0x08005084   0x08005084   0x0000015a   Code   RO         1242    .text.vTaskSuspend  tasks.o
    0x080051de   0x080051de   0x00000002   PAD
    0x080051e0   0x080051e0   0x00000010   Code   RO         1230    .text.vTaskSuspendAll  tasks.o
    0x080051f0   0x080051f0   0x000000be   Code   RO         1244    .text.vTaskSwitchContext  tasks.o
    0x080052ae   0x080052ae   0x00000002   PAD
    0x080052b0   0x080052b0   0x00000156   Code   RO         1505    .text.xPortStartScheduler  port.o
    0x08005406   0x08005406   0x00000002   PAD
    0x08005408   0x08005408   0x00000074   Code   RO         1101    .text.xQueueGenericCreate  queue.o
    0x0800547c   0x0800547c   0x000000ba   Code   RO         1095    .text.xQueueGenericReset  queue.o
    0x08005536   0x08005536   0x00000002   PAD
    0x08005538   0x08005538   0x0000009e   Code   RO         1220    .text.xTaskCreate   tasks.o
    0x080055d6   0x080055d6   0x00000002   PAD
    0x080055d8   0x080055d8   0x000000ce   Code   RO         1214    .text.xTaskCreateStatic  tasks.o
    0x080056a6   0x080056a6   0x00000002   PAD
    0x080056a8   0x080056a8   0x000001b8   Code   RO         1258    .text.xTaskIncrementTick  tasks.o
    0x08005860   0x08005860   0x000000c2   Code   RO         1274    .text.xTaskRemoveFromEventList  tasks.o
    0x08005922   0x08005922   0x00000002   PAD
    0x08005924   0x08005924   0x00000178   Code   RO         1234    .text.xTaskResumeAll  tasks.o
    0x08005a9c   0x08005a9c   0x0000003e   Code   RO         1784    CL$$btod_d2e        c_w.l(btod.o)
    0x08005ada   0x08005ada   0x00000046   Code   RO         1786    CL$$btod_d2e_denorm_low  c_w.l(btod.o)
    0x08005b20   0x08005b20   0x00000060   Code   RO         1785    CL$$btod_d2e_norm_op1  c_w.l(btod.o)
    0x08005b80   0x08005b80   0x00000338   Code   RO         1794    CL$$btod_div_common  c_w.l(btod.o)
    0x08005eb8   0x08005eb8   0x000000dc   Code   RO         1791    CL$$btod_e2e        c_w.l(btod.o)
    0x08005f94   0x08005f94   0x0000002a   Code   RO         1788    CL$$btod_ediv       c_w.l(btod.o)
    0x08005fbe   0x08005fbe   0x0000002a   Code   RO         1787    CL$$btod_emul       c_w.l(btod.o)
    0x08005fe8   0x08005fe8   0x00000244   Code   RO         1793    CL$$btod_mult_common  c_w.l(btod.o)
    0x0800622c   0x0800622c   0x00000030   Code   RO         1904    i.__ARM_fpclassify  m_wm.l(fpclassify.o)
    0x0800625c   0x0800625c   0x0000000e   Code   RO         1611    i._is_digit         c_w.l(__printf_wp.o)
    0x0800626a   0x0800626a   0x00000002   PAD
    0x0800626c   0x0800626c   0x0000002c   Code   RO         1820    locale$$code        c_w.l(lc_numeric_c.o)
    0x08006298   0x08006298   0x0000002c   Code   RO         1949    locale$$code        c_w.l(lc_ctype_c.o)
    0x080062c4   0x080062c4   0x0000001a   Code   RO         1961    x$fpl$fpinit        fz_wm.l(fpinit.o)
    0x080062de   0x080062de   0x00000004   Code   RO         1654    x$fpl$printf1       fz_wm.l(printf1.o)
    0x080062e2   0x080062e2   0x00000004   Code   RO         1656    x$fpl$printf2       fz_wm.l(printf2.o)
    0x080062e6   0x080062e6   0x00000000   Code   RO         1903    x$fpl$usenofp       fz_wm.l(usenofp.o)
    0x080062e6   0x080062e6   0x00000002   PAD
    0x080062e8   0x080062e8   0x00000008   Data   RO         1570    .constdata          c_w.l(_printf_wctomb.o)
    0x080062f0   0x080062f0   0x00000028   Data   RO         1599    .constdata          c_w.l(_printf_hex_int_ll_ptr.o)
    0x08006318   0x08006318   0x00000011   Data   RO         1619    .constdata          c_w.l(__printf_flags_ss_wp.o)
    0x08006329   0x08006329   0x00000026   Data   RO         1688    .constdata          c_w.l(_printf_fp_hex.o)
    0x0800634f   0x0800634f   0x00000004   Data   RO         1707    .constdata          c_w.l(sys_io_names.o)
    0x08006353   0x08006353   0x00000004   Data   RO         1708    .constdata          c_w.l(sys_io_names.o)
    0x08006357   0x08006357   0x00000004   Data   RO         1709    .constdata          c_w.l(sys_io_names.o)
    0x0800635b   0x0800635b   0x00000001   PAD
    0x0800635c   0x0800635c   0x00000094   Data   RO         1782    .constdata          c_w.l(bigflt0.o)
    0x080063f0   0x080063f0   0x0000001c   Data   RO           59    .rodata..L__const.MX_FREERTOS_Init.os_thread_def_defaultTask  freertos.o
    0x0800640c   0x0800640c   0x00000010   Data   RO         1039    .rodata.AHBPrescTable  system_stm32f4xx.o
    0x0800641c   0x0800641c   0x00000008   Data   RO         1040    .rodata.APBPrescTable  system_stm32f4xx.o
    0x08006424   0x08006424   0x0000005d   Data   RO           29    .rodata.str1.1      main.o
    0x08006481   0x08006481   0x0000000c   Data   RO           58    .rodata.str1.1      freertos.o
    0x0800648d   0x0800648d   0x00000005   Data   RO         1329    .rodata.str1.1      tasks.o
    0x08006492   0x08006492   0x00000002   PAD
    0x08006494   0x08006494   0x00000020   Data   RO         2051    Region$$Table       anon$$obj.o
    0x080064b4   0x080064b4   0x0000001c   Data   RO         1819    locale$$data        c_w.l(lc_numeric_c.o)
    0x080064d0   0x080064d0   0x00000110   Data   RO         1948    locale$$data        c_w.l(lc_ctype_c.o)


    Execution Region RW_IRAM1 (Exec base: 0x20000000, Load base: 0x080065e0, Size: 0x000047d0, Max: 0x0001c000, ABSOLUTE)

    Exec Addr    Load Addr    Size         Type   Attr      Idx    E Section Name        Object

    0x20000000   0x080065e0   0x00000004   Data   RW         1647    .data               c_w.l(stdio_streams.o)
    0x20000004   0x080065e4   0x00000004   Data   RW         1648    .data               c_w.l(stdio_streams.o)
    0x20000008   0x080065e8   0x00000004   Data   RW         1649    .data               c_w.l(stdio_streams.o)
    0x2000000c   0x080065ec   0x00000004   Data   RW         1038    .data.SystemCoreClock  system_stm32f4xx.o
    0x20000010   0x080065f0   0x00000001   Data   RW          869    .data.uwTickFreq    stm32f4xx_hal.o
    0x20000011   0x080065f1   0x00000003   PAD
    0x20000014   0x080065f4   0x00000004   Data   RW          868    .data.uwTickPrio    stm32f4xx_hal.o
    0x20000018   0x080065f8   0x00000004   Data   RW         1527    .data.uxCriticalNesting  port.o
    0x2000001c   0x080065fc   0x00000004   PAD
    0x20000020        -       0x00000054   Zero   RW         1644    .bss                c_w.l(stdio_streams.o)
    0x20000074        -       0x00000054   Zero   RW         1645    .bss                c_w.l(stdio_streams.o)
    0x200000c8        -       0x00000054   Zero   RW         1646    .bss                c_w.l(stdio_streams.o)
    0x2000011c        -       0x00000060   Zero   RW         1911    .bss                c_w.l(libspace.o)
    0x2000017c        -       0x00000004   Zero   RW           33    .bss.KEY0Task_Handler  main.o
    0x20000180        -       0x00000004   Zero   RW           32    .bss.LED0Task_Handler  main.o
    0x20000184        -       0x00000004   Zero   RW           30    .bss.StartTask_Handler  main.o
    0x20000188        -       0x00000004   Zero   RW           31    .bss.Test_Queue     main.o
    0x2000018c        -       0x00000004   Zero   RW           60    .bss.defaultTaskHandle  freertos.o
    0x20000190        -       0x00000048   Zero   RW          121    .bss.htim1          stm32f4xx_hal_timebase_tim.o
    0x200001d8        -       0x00000048   Zero   RW           78    .bss.huart1         usart.o
    0x20000220        -       0x00000004   Zero   RW         1318    .bss.pxCurrentTCB   tasks.o
    0x20000224        -       0x00000004   Zero   RW         1335    .bss.pxDelayedTaskList  tasks.o
    0x20000228        -       0x00000004   Zero   RW         1484    .bss.pxEnd          heap_4.o
    0x2000022c        -       0x00000004   Zero   RW         1336    .bss.pxOverflowDelayedTaskList  tasks.o
    0x20000230        -       0x0000008c   Zero   RW         1319    .bss.pxReadyTasksLists  tasks.o
    0x200002bc        -       0x00003c00   Zero   RW         1491    .bss.ucHeap         heap_4.o
    0x20003ebc        -       0x00000001   Zero   RW         1525    .bss.ucMaxSysCallPriority  port.o
    0x20003ebd   0x080065fc   0x00000003   PAD
    0x20003ec0        -       0x00000004   Zero   RW         1526    .bss.ulMaxPRIGROUPValue  port.o
    0x20003ec4        -       0x00000004   Zero   RW          870    .bss.uwTick         stm32f4xx_hal.o
    0x20003ec8        -       0x00000004   Zero   RW         1324    .bss.uxCurrentNumberOfTasks  tasks.o
    0x20003ecc        -       0x00000004   Zero   RW         1323    .bss.uxDeletedTasksWaitingCleanUp  tasks.o
    0x20003ed0        -       0x00000004   Zero   RW         1326    .bss.uxSchedulerSuspended  tasks.o
    0x20003ed4        -       0x00000004   Zero   RW         1321    .bss.uxTaskNumber   tasks.o
    0x20003ed8        -       0x00000004   Zero   RW         1320    .bss.uxTopReadyPriority  tasks.o
    0x20003edc        -       0x00000004   Zero   RW         1485    .bss.xBlockAllocatedBit  heap_4.o
    0x20003ee0        -       0x00000014   Zero   RW         1338    .bss.xDelayedTaskList1  tasks.o
    0x20003ef4        -       0x00000014   Zero   RW         1339    .bss.xDelayedTaskList2  tasks.o
    0x20003f08        -       0x00000004   Zero   RW         1486    .bss.xFreeBytesRemaining  heap_4.o
    0x20003f0c        -       0x00000200   Zero   RW           57    .bss.xIdleStack     freertos.o
    0x2000410c        -       0x00000004   Zero   RW         1330    .bss.xIdleTaskHandle  tasks.o
    0x20004110        -       0x00000054   Zero   RW           56    .bss.xIdleTaskTCBBuffer  freertos.o
    0x20004164        -       0x00000004   Zero   RW         1488    .bss.xMinimumEverFreeBytesRemaining  heap_4.o
    0x20004168        -       0x00000004   Zero   RW         1331    .bss.xNextTaskUnblockTime  tasks.o
    0x2000416c        -       0x00000004   Zero   RW         1337    .bss.xNumOfOverflows  tasks.o
    0x20004170        -       0x00000004   Zero   RW         1489    .bss.xNumberOfSuccessfulAllocations  heap_4.o
    0x20004174        -       0x00000004   Zero   RW         1490    .bss.xNumberOfSuccessfulFrees  heap_4.o
    0x20004178        -       0x00000004   Zero   RW         1334    .bss.xPendedTicks   tasks.o
    0x2000417c        -       0x00000014   Zero   RW         1328    .bss.xPendingReadyList  tasks.o
    0x20004190        -       0x00000004   Zero   RW         1325    .bss.xSchedulerRunning  tasks.o
    0x20004194        -       0x00000008   Zero   RW         1487    .bss.xStart         heap_4.o
    0x2000419c        -       0x00000014   Zero   RW         1327    .bss.xSuspendedTaskList  tasks.o
    0x200041b0        -       0x00000014   Zero   RW         1322    .bss.xTasksWaitingTermination  tasks.o
    0x200041c4        -       0x00000004   Zero   RW         1332    .bss.xTickCount     tasks.o
    0x200041c8        -       0x00000004   Zero   RW         1333    .bss.xYieldPending  tasks.o
    0x200041cc   0x080065fc   0x00000004   PAD
    0x200041d0        -       0x00000200   Zero   RW            2    HEAP                startup_stm32f405xx.o
    0x200043d0        -       0x00000400   Zero   RW            1    STACK               startup_stm32f405xx.o


    Execution Region RW_IRAM2 (Exec base: 0x2001c000, Load base: 0x08006600, Size: 0x00000000, Max: 0x00004000, ABSOLUTE)

    **** No section assigned to this execution region ****


==============================================================================

Image component sizes


      Code (inc. data)   RO Data    RW Data    ZI Data      Debug   Object Name

       222          0          0          0          0      16288   cmsis_os.o
       120          0         40          0        600       2719   freertos.o
       194          0          0          0          0       2113   gpio.o
      1084          0          0          0      15392       4420   heap_4.o
       296          0          0          0          0       2223   list.o
       656          0         93          0         16       7333   main.o
       996         16          0          4          5       3830   port.o
       364          0          0          0          0      14876   queue.o
        64         26        392          0       1536        852   startup_stm32f405xx.o
        92          0          0          5          4       7063   stm32f4xx_hal.o
       384          0          0          0          0       9674   stm32f4xx_hal_cortex.o
      1042          0          0          0          0       5100   stm32f4xx_hal_gpio.o
        88          0          0          0          0       3308   stm32f4xx_hal_msp.o
      2730          0          0          0          0       7577   stm32f4xx_hal_rcc.o
      1412          0          0          0          0      36020   stm32f4xx_hal_tim.o
        16          0          0          0          0      15340   stm32f4xx_hal_tim_ex.o
       218          0          0          0         72       6995   stm32f4xx_hal_timebase_tim.o
      1142          0          0          0          0      20348   stm32f4xx_hal_uart.o
        38          0          0          0          0        883   stm32f4xx_it.o
        18          0         24          4          0       2528   system_stm32f4xx.o
      4112          0          5          0        300      20357   tasks.o
       242          0          0          0         72       5347   usart.o

    ----------------------------------------------------------------------
     15660         54        588         16      18008     195194   Object Totals
         0          0         32          0          0          0   (incl. Generated)
       130         12          2          3         11          0   (incl. Padding)

    ----------------------------------------------------------------------

      Code (inc. data)   RO Data    RW Data    ZI Data      Debug   Library Member Name

         8          0          0          0          0         68   __main.o
       392          4         17          0          0         92   __printf_flags_ss_wp.o
        14          0          0          0          0         68   __printf_wp.o
         0          0          0          0          0          0   __rtentry.o
        12          0          0          0          0          0   __rtentry2.o
         6          0          0          0          0          0   __rtentry4.o
        94          8          0          0          0          0   __scatter.o
        26          0          0          0          0          0   __scatter_copy.o
        28          0          0          0          0          0   __scatter_zi.o
        72          0          0          0          0         96   _c16rtomb.o
         6          0          0          0          0          0   _printf_a.o
         6          0          0          0          0          0   _printf_c.o
        44          0          0          0          0        108   _printf_char.o
        48          6          0          0          0         96   _printf_char_common.o
        36          4          0          0          0         80   _printf_char_file.o
        40          0          0          0          0         68   _printf_charcount.o
         6          0          0          0          0          0   _printf_d.o
       120         16          0          0          0         92   _printf_dec.o
         6          0          0          0          0          0   _printf_e.o
         6          0          0          0          0          0   _printf_f.o
      1052          0          0          0          0        148   _printf_fp_dec.o
       764          8         38          0          0        100   _printf_fp_hex.o
       128         16          0          0          0         84   _printf_fp_infnan.o
         6          0          0          0          0          0   _printf_g.o
       148          4         40          0          0        160   _printf_hex_int_ll_ptr.o
         6          0          0          0          0          0   _printf_i.o
       178          0          0          0          0         88   _printf_intcommon.o
        10          0          0          0          0          0   _printf_l.o
         6          0          0          0          0          0   _printf_lc.o
        10          0          0          0          0          0   _printf_ll.o
         6          0          0          0          0          0   _printf_lld.o
         6          0          0          0          0          0   _printf_lli.o
         6          0          0          0          0          0   _printf_llo.o
         6          0          0          0          0          0   _printf_llu.o
         6          0          0          0          0          0   _printf_llx.o
       124         16          0          0          0         92   _printf_longlong_dec.o
         6          0          0          0          0          0   _printf_ls.o
         6          0          0          0          0          0   _printf_n.o
         6          0          0          0          0          0   _printf_o.o
       112          8          0          0          0        124   _printf_oct_int_ll.o
         6          0          0          0          0          0   _printf_p.o
        78          0          0          0          0        108   _printf_pad.o
         0          0          0          0          0          0   _printf_percent.o
         4          0          0          0          0          0   _printf_percent_end.o
         6          0          0          0          0          0   _printf_s.o
        82          0          0          0          0         80   _printf_str.o
        36          0          0          0          0         84   _printf_truncate.o
         6          0          0          0          0          0   _printf_u.o
        44          0          0          0          0        108   _printf_wchar.o
       188          6          8          0          0         92   _printf_wctomb.o
         6          0          0          0          0          0   _printf_x.o
       228          4        148          0          0         96   bigflt0.o
      1936        128          0          0          0        668   btod.o
        10          0          0          0          0         68   defsig_exit.o
        50          0          0          0          0         88   defsig_general.o
        80         58          0          0          0         76   defsig_rtmem_inner.o
        14          0          0          0          0         80   defsig_rtmem_outer.o
        52         38          0          0          0         76   defsig_rtred_inner.o
        14          0          0          0          0         80   defsig_rtred_outer.o
        18          0          0          0          0         80   exit.o
        76          0          0          0          0         88   fclose.o
         8          0          0          0          0         68   ferror.o
       240          6          0          0          0        128   fopen.o
       248          6          0          0          0         84   fseek.o
        66          0          0          0          0         76   ftell.o
        94          0          0          0          0         80   h1_alloc.o
        52          0          0          0          0         68   h1_extend.o
        78          0          0          0          0         80   h1_free.o
        12          0          0          0          0         84   h1_init.o
         6          0          0          0          0        152   heapauxi.o
         4          0          0          0          0        136   hguard.o
         0          0          0          0          0          0   indicate_semi.o
       138          0          0          0          0        168   init_alloc.o
       312         46          0          0          0        112   initio.o
        44         10        272          0          0         76   lc_ctype_c.o
        44         10         28          0          0         76   lc_numeric_c.o
         2          0          0          0          0          0   libinit.o
        46          0          0          0          0          0   libinit2.o
         2          0          0          0          0          0   libshutdown.o
         6          0          0          0          0          0   libshutdown2.o
         8          4          0          0         96         68   libspace.o
       138          0          0          0          0         80   lludiv10.o
       240          0          0          0          0        100   lludivv7m.o
         0          0          0          0          0          0   maybetermalloc1.o
        24          4          0          0          0         84   printf.o
        16          4          0          0          0         76   rt_ctype_table.o
         8          4          0          0          0         68   rt_errno_addr_intlibspace.o
         8          4          0          0          0         68   rt_heap_descriptor_intlibspace.o
         8          4          0          0          0         68   rt_locale_intlibspace.o
        78          0          0          0          0         80   rt_memclr_w.o
         2          0          0          0          0          0   rtexit.o
        10          0          0          0          0          0   rtexit2.o
        70          0          0          0          0         80   setvbuf.o
       264          6          0          0          0        160   stdio.o
         0          0          0         12        252          0   stdio_streams.o
       124          0          0          0          0         88   strcmpv7em.o
        62          0          0          0          0         76   strlen.o
        12          4          0          0          0         68   sys_exit.o
       102          0          0          0          0        240   sys_io.o
         0          0         12          0          0          0   sys_io_names.o
        74          0          0          0          0         80   sys_stackheap_outer.o
        14          0          0          0          0         76   sys_wrch.o
         2          0          0          0          0         68   use_no_semi.o
        26          0          0          0          0        116   fpinit.o
         4          0          0          0          0        116   printf1.o
         4          0          0          0          0        116   printf2.o
         0          0          0          0          0          0   usenofp.o
        48          0          0          0          0        124   fpclassify.o

    ----------------------------------------------------------------------
      9268        440        564         12        348       6924   Library Totals
        24          4          1          0          0          0   (incl. Padding)

    ----------------------------------------------------------------------

      Code (inc. data)   RO Data    RW Data    ZI Data      Debug   Library Name

      9162        436        563         12        348       6452   c_w.l
        34          0          0          0          0        348   fz_wm.l
        48          0          0          0          0        124   m_wm.l

    ----------------------------------------------------------------------
      9268        440        564         12        348       6924   Library Totals

    ----------------------------------------------------------------------

==============================================================================


      Code (inc. data)   RO Data    RW Data    ZI Data      Debug   

     24928        494       1152         28      18356     198102   Grand Totals
     24928        494       1152         28      18356     198102   ELF Image Totals
     24928        494       1152         28          0          0   ROM Totals

==============================================================================

    Total RO  Size (Code + RO Data)                26080 (  25.47kB)
    Total RW  Size (RW Data + ZI Data)             18384 (  17.95kB)
    Total ROM Size (Code + RO Data + RW Data)      26108 (  25.50kB)

==============================================================================

